Copyright 1986-2022 Xilinx, Inc. All Rights Reserved. Copyright 2022-2025 Advanced Micro Devices, Inc. All Rights Reserved.
---------------------------------------------------------------------------------------------------------------------------------------------
| Tool Version : Vivado v.2025.1 (win64) Build 6140274 Thu May 22 00:12:29 MDT 2025
| Date         : Mon Nov 24 01:36:59 2025
| Host         : dantop running 64-bit major release  (build 9200)
| Command      : report_control_sets -verbose -file floating_point_alu_control_sets_placed.rpt
| Design       : floating_point_alu
| Device       : xc7z020
---------------------------------------------------------------------------------------------------------------------------------------------

Control Set Information

Table of Contents
-----------------
1. Summary
2. Histogram
3. Flip-Flop Distribution
4. Detailed Control Set Information

1. Summary
----------

+----------------------------------------------------------+-------+
|                          Status                          | Count |
+----------------------------------------------------------+-------+
| Total control sets                                       |     5 |
|    Minimum number of control sets                        |     5 |
|    Addition due to synthesis replication                 |     0 |
|    Addition due to physical synthesis replication        |     0 |
| Unused register locations in slices containing registers |     4 |
+----------------------------------------------------------+-------+
* Control sets can be merged at opt_design using control_set_merge or merge_equivalent_drivers
** Run report_qor_suggestions for automated merging and remapping suggestions


2. Histogram
------------

+--------------------+-------+
|       Fanout       | Count |
+--------------------+-------+
| Total control sets |     5 |
| >= 0 to < 4        |     0 |
| >= 4 to < 6        |     0 |
| >= 6 to < 8        |     0 |
| >= 8 to < 10       |     0 |
| >= 10 to < 12      |     0 |
| >= 12 to < 14      |     0 |
| >= 14 to < 16      |     0 |
| >= 16              |     5 |
+--------------------+-------+
* Control sets can be remapped at either synth_design or opt_design


3. Flip-Flop Distribution
-------------------------

+--------------+-----------------------+------------------------+-----------------+--------------+
| Clock Enable | Synchronous Set/Reset | Asynchronous Set/Reset | Total Registers | Total Slices |
+--------------+-----------------------+------------------------+-----------------+--------------+
| No           | No                    | No                     |             285 |           73 |
| No           | No                    | Yes                    |            2649 |          876 |
| No           | Yes                   | No                     |              46 |           42 |
| Yes          | No                    | No                     |               0 |            0 |
| Yes          | No                    | Yes                    |              96 |           35 |
| Yes          | Yes                   | No                     |               0 |            0 |
+--------------+-----------------------+------------------------+-----------------+--------------+


4. Detailed Control Set Information
-----------------------------------

+----------------+------------------------------------------------------+------------------+------------------+----------------+--------------+
|  Clock Signal  |                     Enable Signal                    | Set/Reset Signal | Slice Load Count | Bel Load Count | Bels / Slice |
+----------------+------------------------------------------------------+------------------+------------------+----------------+--------------+
|  clk_IBUF_BUFG | multiply/s2_s4_multiplier/E[0]                       | rst_IBUF         |               14 |             32 |         2.29 |
|  clk_IBUF_BUFG | sqrt/s17_inverse_square_root/E[0]                    | rst_IBUF         |               10 |             32 |         3.20 |
|  clk_IBUF_BUFG | sqrt/s17_inverse_square_root/s15_special_case_reg[0] | rst_IBUF         |               11 |             32 |         2.91 |
|  clk_IBUF_BUFG |                                                      |                  |               73 |            570 |         7.81 |
|  clk_IBUF_BUFG |                                                      | rst_IBUF         |              918 |           2695 |         2.94 |
+----------------+------------------------------------------------------+------------------+------------------+----------------+--------------+


