
*** Running vivado
    with args -log floating_point_alu.vdi -applog -m64 -product Vivado -messageDb vivado.pb -mode batch -source floating_point_alu.tcl -notrace



****** Vivado v2025.1 (64-bit)
  **** SW Build 6140274 on Thu May 22 00:12:29 MDT 2025
  **** IP Build 6138677 on Thu May 22 03:10:11 MDT 2025
  **** SharedData Build 6139179 on Tue May 20 17:58:58 MDT 2025
  **** Start of session at: Thu Nov 20 17:11:30 2025
    ** Copyright 1986-2022 Xilinx, Inc. All Rights Reserved.
    ** Copyright 2022-2025 Advanced Micro Devices, Inc. All Rights Reserved.

source floating_point_alu.tcl -notrace
create_project: Time (s): cpu = 00:00:09 ; elapsed = 00:00:05 . Memory (MB): peak = 483.574 ; gain = 212.031
Command: link_design -top floating_point_alu -part xc7z020clg484-1
Design is defaulting to srcset: sources_1
Design is defaulting to constrset: constrs_1
INFO: [Device 21-403] Loading part xc7z020clg484-1
Netlist sorting complete. Time (s): cpu = 00:00:00 ; elapsed = 00:00:00.043 . Memory (MB): peak = 731.898 ; gain = 0.000
INFO: [Netlist 29-17] Analyzing 407 Unisim elements for replacement
INFO: [Netlist 29-28] Unisim Transformation completed in 0 CPU seconds
INFO: [Project 1-479] Netlist was created with Vivado 2025.1
INFO: [Project 1-570] Preparing netlist for logic optimization
Parsing XDC File [C:/Users/klein/Documents/projects/Floating-Point-ALU/timing constraints.xdc]
Finished Parsing XDC File [C:/Users/klein/Documents/projects/Floating-Point-ALU/timing constraints.xdc]
INFO: [Opt 31-138] Pushed 0 inverter(s) to 0 load pin(s).
Netlist sorting complete. Time (s): cpu = 00:00:00 ; elapsed = 00:00:00.002 . Memory (MB): peak = 881.363 ; gain = 0.000
INFO: [Project 1-111] Unisim Transformation Summary:
No Unisim elements were transformed.

7 Infos, 0 Warnings, 0 Critical Warnings and 0 Errors encountered.
link_design completed successfully
Command: opt_design
Attempting to get a license for feature 'Implementation' and/or device 'xc7z020'
INFO: [Common 17-349] Got license for feature 'Implementation' and/or device 'xc7z020'
Running DRC as a precondition to command opt_design

Starting DRC Task
INFO: [DRC 23-27] Running DRC with 2 threads
INFO: [Project 1-461] DRC finished with 0 Errors
INFO: [Project 1-462] Please refer to the DRC report (report_drc) for more information.

Time (s): cpu = 00:00:01 ; elapsed = 00:00:00.729 . Memory (MB): peak = 913.828 ; gain = 32.465

Starting Cache Timing Information Task
INFO: [Timing 38-35] Done setting XDC timing constraints.
Ending Cache Timing Information Task | Checksum: fbebbef2

Time (s): cpu = 00:00:05 ; elapsed = 00:00:05 . Memory (MB): peak = 1453.508 ; gain = 539.680

Starting Logic Optimization Task

Phase 1 Initialization

Phase 1.1 Core Generation And Design Setup
Phase 1.1 Core Generation And Design Setup | Checksum: fbebbef2

Time (s): cpu = 00:00:00 ; elapsed = 00:00:00.004 . Memory (MB): peak = 1883.020 ; gain = 0.000

Phase 1.2 Setup Constraints And Sort Netlist
Phase 1.2 Setup Constraints And Sort Netlist | Checksum: fbebbef2

Time (s): cpu = 00:00:00 ; elapsed = 00:00:00.008 . Memory (MB): peak = 1883.020 ; gain = 0.000
Phase 1 Initialization | Checksum: fbebbef2

Time (s): cpu = 00:00:00 ; elapsed = 00:00:00.008 . Memory (MB): peak = 1883.020 ; gain = 0.000

Phase 2 Timer Update And Timing Data Collection

Phase 2.1 Timer Update
Phase 2.1 Timer Update | Checksum: fbebbef2

Time (s): cpu = 00:00:00 ; elapsed = 00:00:00.196 . Memory (MB): peak = 1883.020 ; gain = 0.000

Phase 2.2 Timing Data Collection
Phase 2.2 Timing Data Collection | Checksum: fbebbef2

Time (s): cpu = 00:00:00 ; elapsed = 00:00:00.213 . Memory (MB): peak = 1883.020 ; gain = 0.000
Phase 2 Timer Update And Timing Data Collection | Checksum: fbebbef2

Time (s): cpu = 00:00:00 ; elapsed = 00:00:00.213 . Memory (MB): peak = 1883.020 ; gain = 0.000

Phase 3 Retarget
INFO: [Opt 31-1851] Number of loadless carry chains removed were: 0
INFO: [Opt 31-1834] Total Chains To Be Transformed Were: 0 AND Number of Transformed insts Created are: 0
INFO: [Opt 31-1566] Pulled 1 inverters resulting in an inversion of 2 pins
INFO: [Opt 31-138] Pushed 0 inverter(s) to 0 load pin(s).
INFO: [Opt 31-49] Retargeted 0 cell(s).
Phase 3 Retarget | Checksum: 138a97e03

Time (s): cpu = 00:00:01 ; elapsed = 00:00:00.298 . Memory (MB): peak = 1883.020 ; gain = 0.000
Retarget | Checksum: 138a97e03
INFO: [Opt 31-389] Phase Retarget created 0 cells and removed 2 cells

Phase 4 Constant propagation
INFO: [Opt 31-138] Pushed 0 inverter(s) to 0 load pin(s).
Phase 4 Constant propagation | Checksum: 202f3026c

Time (s): cpu = 00:00:01 ; elapsed = 00:00:00.347 . Memory (MB): peak = 1883.020 ; gain = 0.000
Constant propagation | Checksum: 202f3026c
INFO: [Opt 31-389] Phase Constant propagation created 0 cells and removed 0 cells

Phase 5 Sweep
INFO: [Constraints 18-11670] Building netlist checker database with flags, 0x8
Done building netlist checker database: Time (s): cpu = 00:00:00 ; elapsed = 00:00:00.002 . Memory (MB): peak = 1883.020 ; gain = 0.000
Phase 5 Sweep | Checksum: 152500cfb

Time (s): cpu = 00:00:01 ; elapsed = 00:00:00.439 . Memory (MB): peak = 1883.020 ; gain = 0.000
Sweep | Checksum: 152500cfb
INFO: [Opt 31-389] Phase Sweep created 0 cells and removed 0 cells

Phase 6 BUFG optimization
Phase 6 BUFG optimization | Checksum: 152500cfb

Time (s): cpu = 00:00:01 ; elapsed = 00:00:00.493 . Memory (MB): peak = 1883.020 ; gain = 0.000
BUFG optimization | Checksum: 152500cfb
INFO: [Opt 31-662] Phase BUFG optimization created 0 cells of which 0 are BUFGs and removed 0 cells.

Phase 7 Shift Register Optimization
INFO: [Opt 31-1064] SRL Remap converted 0 SRLs to 0 registers and converted 0 registers of register chains to 0 SRLs
Phase 7 Shift Register Optimization | Checksum: 152500cfb

Time (s): cpu = 00:00:01 ; elapsed = 00:00:00.501 . Memory (MB): peak = 1883.020 ; gain = 0.000
Shift Register Optimization | Checksum: 152500cfb
INFO: [Opt 31-389] Phase Shift Register Optimization created 0 cells and removed 0 cells

Phase 8 Post Processing Netlist
Phase 8 Post Processing Netlist | Checksum: 152500cfb

Time (s): cpu = 00:00:01 ; elapsed = 00:00:00.511 . Memory (MB): peak = 1883.020 ; gain = 0.000
Post Processing Netlist | Checksum: 152500cfb
INFO: [Opt 31-389] Phase Post Processing Netlist created 0 cells and removed 0 cells

Phase 9 Finalization

Phase 9.1 Finalizing Design Cores and Updating Shapes
Phase 9.1 Finalizing Design Cores and Updating Shapes | Checksum: c1dbf0ad

Time (s): cpu = 00:00:01 ; elapsed = 00:00:00.623 . Memory (MB): peak = 1883.020 ; gain = 0.000

Phase 9.2 Verifying Netlist Connectivity

Starting Connectivity Check Task

Time (s): cpu = 00:00:00 ; elapsed = 00:00:00.016 . Memory (MB): peak = 1883.020 ; gain = 0.000
Phase 9.2 Verifying Netlist Connectivity | Checksum: c1dbf0ad

Time (s): cpu = 00:00:01 ; elapsed = 00:00:00.640 . Memory (MB): peak = 1883.020 ; gain = 0.000
Phase 9 Finalization | Checksum: c1dbf0ad

Time (s): cpu = 00:00:01 ; elapsed = 00:00:00.641 . Memory (MB): peak = 1883.020 ; gain = 0.000
Opt_design Change Summary
=========================


-------------------------------------------------------------------------------------------------------------------------
|  Phase                        |  #Cells created  |  #Cells Removed  |  #Constrained objects preventing optimizations  |
-------------------------------------------------------------------------------------------------------------------------
|  Retarget                     |               0  |               2  |                                              0  |
|  Constant propagation         |               0  |               0  |                                              0  |
|  Sweep                        |               0  |               0  |                                              0  |
|  BUFG optimization            |               0  |               0  |                                              0  |
|  Shift Register Optimization  |               0  |               0  |                                              0  |
|  Post Processing Netlist      |               0  |               0  |                                              0  |
-------------------------------------------------------------------------------------------------------------------------


Ending Logic Optimization Task | Checksum: c1dbf0ad

Time (s): cpu = 00:00:01 ; elapsed = 00:00:00.642 . Memory (MB): peak = 1883.020 ; gain = 0.000

Starting Power Optimization Task
INFO: [Pwropt 34-132] Skipping clock gating for clocks with a period < 2.00 ns.
INFO: [Pwropt 34-9] Applying IDT optimizations ...
INFO: [Pwropt 34-10] Applying ODC optimizations ...
INFO: [Timing 38-35] Done setting XDC timing constraints.
Running Vector-less Activity Propagation...

Finished Running Vector-less Activity Propagation


Starting PowerOpt Patch Enables Task
INFO: [Pwropt 34-162] WRITE_MODE attribute of 0 BRAM(s) out of a total of 1 has been updated to save power. Run report_power_opt to get a complete listing of the BRAMs updated.
INFO: [Pwropt 34-201] Structural ODC has moved 0 WE to EN ports
Number of BRAM Ports augmented: 0 newly gated: 0 Total Ports: 2
Ending PowerOpt Patch Enables Task | Checksum: c1dbf0ad

Time (s): cpu = 00:00:00 ; elapsed = 00:00:00.020 . Memory (MB): peak = 1946.992 ; gain = 0.000
Ending Power Optimization Task | Checksum: c1dbf0ad

Time (s): cpu = 00:00:02 ; elapsed = 00:00:01 . Memory (MB): peak = 1946.992 ; gain = 63.973

Starting Final Cleanup Task
Ending Final Cleanup Task | Checksum: c1dbf0ad

Time (s): cpu = 00:00:00 ; elapsed = 00:00:00.001 . Memory (MB): peak = 1946.992 ; gain = 0.000

Starting Netlist Obfuscation Task
Netlist sorting complete. Time (s): cpu = 00:00:00 ; elapsed = 00:00:00.002 . Memory (MB): peak = 1946.992 ; gain = 0.000
Ending Netlist Obfuscation Task | Checksum: c1dbf0ad

Time (s): cpu = 00:00:00 ; elapsed = 00:00:00.003 . Memory (MB): peak = 1946.992 ; gain = 0.000
INFO: [Common 17-83] Releasing license: Implementation
33 Infos, 0 Warnings, 0 Critical Warnings and 0 Errors encountered.
opt_design completed successfully
opt_design: Time (s): cpu = 00:00:11 ; elapsed = 00:00:10 . Memory (MB): peak = 1946.992 ; gain = 1065.629
INFO: [Vivado 12-24828] Executing command : report_drc -file floating_point_alu_drc_opted.rpt -pb floating_point_alu_drc_opted.pb -rpx floating_point_alu_drc_opted.rpx
Command: report_drc -file floating_point_alu_drc_opted.rpt -pb floating_point_alu_drc_opted.pb -rpx floating_point_alu_drc_opted.rpx
INFO: [IP_Flow 19-234] Refreshing IP repositories
INFO: [IP_Flow 19-1704] No user IP repositories specified
INFO: [IP_Flow 19-2313] Loaded Vivado IP repository 'C:/Xilinx/2025.1/Vivado/data/ip'.
INFO: [DRC 23-27] Running DRC with 2 threads
INFO: [Vivado_Tcl 2-168] The results of DRC are in file C:/Users/klein/Documents/projects/Floating-Point-ALU/vivado/FPU.runs/impl_1/floating_point_alu_drc_opted.rpt.
report_drc completed successfully
INFO: [Timing 38-480] Writing timing data to binary archive.
Write ShapeDB Complete: Time (s): cpu = 00:00:00 ; elapsed = 00:00:00.020 . Memory (MB): peak = 1946.992 ; gain = 0.000
INFO: [Common 17-1381] The checkpoint 'C:/Users/klein/Documents/projects/Floating-Point-ALU/vivado/FPU.runs/impl_1/floating_point_alu_opt.dcp' has been generated.
Command: place_design
Attempting to get a license for feature 'Implementation' and/or device 'xc7z020'
INFO: [Common 17-349] Got license for feature 'Implementation' and/or device 'xc7z020'
INFO: [Common 17-83] Releasing license: Implementation
INFO: [DRC 23-27] Running DRC with 2 threads
INFO: [Vivado_Tcl 4-198] DRC finished with 0 Errors
INFO: [Vivado_Tcl 4-199] Please refer to the DRC report (report_drc) for more information.
Running DRC as a precondition to command place_design
INFO: [DRC 23-27] Running DRC with 2 threads
INFO: [Vivado_Tcl 4-198] DRC finished with 0 Errors, 16 Warnings
INFO: [Vivado_Tcl 4-199] Please refer to the DRC report (report_drc) for more information.
INFO: [Place 30-611] Multithreading enabled for place_design using a maximum of 2 CPUs

Starting Placer Task

Phase 1 Placer Initialization

Phase 1.1 Placer Initialization Netlist Sorting
Netlist sorting complete. Time (s): cpu = 00:00:00 ; elapsed = 00:00:00.002 . Memory (MB): peak = 1946.992 ; gain = 0.000
Phase 1.1 Placer Initialization Netlist Sorting | Checksum: ba843f82

Time (s): cpu = 00:00:00 ; elapsed = 00:00:00.004 . Memory (MB): peak = 1946.992 ; gain = 0.000
Netlist sorting complete. Time (s): cpu = 00:00:00 ; elapsed = 00:00:00.001 . Memory (MB): peak = 1946.992 ; gain = 0.000

Phase 1.2 IO Placement/ Clock Placement/ Build Placer Device
INFO: [Timing 38-35] Done setting XDC timing constraints.
Phase 1.2 IO Placement/ Clock Placement/ Build Placer Device | Checksum: 134bcd2ce

Time (s): cpu = 00:00:02 ; elapsed = 00:00:01 . Memory (MB): peak = 1946.992 ; gain = 0.000

Phase 1.3 Build Placer Netlist Model
Phase 1.3 Build Placer Netlist Model | Checksum: 138b74c1a

Time (s): cpu = 00:00:04 ; elapsed = 00:00:02 . Memory (MB): peak = 1946.992 ; gain = 0.000

Phase 1.4 Constrain Clocks/Macros
Phase 1.4 Constrain Clocks/Macros | Checksum: 138b74c1a

Time (s): cpu = 00:00:04 ; elapsed = 00:00:02 . Memory (MB): peak = 1946.992 ; gain = 0.000
Phase 1 Placer Initialization | Checksum: 138b74c1a

Time (s): cpu = 00:00:04 ; elapsed = 00:00:02 . Memory (MB): peak = 1946.992 ; gain = 0.000

Phase 2 Global Placement

Phase 2.1 Floorplanning
Phase 2.1 Floorplanning | Checksum: 209380ca4

Time (s): cpu = 00:00:04 ; elapsed = 00:00:03 . Memory (MB): peak = 1946.992 ; gain = 0.000

Phase 2.2 Update Timing before SLR Path Opt
Phase 2.2 Update Timing before SLR Path Opt | Checksum: 1ca462d88

Time (s): cpu = 00:00:05 ; elapsed = 00:00:03 . Memory (MB): peak = 1946.992 ; gain = 0.000

Phase 2.3 Post-Processing in Floorplanning
Phase 2.3 Post-Processing in Floorplanning | Checksum: 1ca462d88

Time (s): cpu = 00:00:05 ; elapsed = 00:00:03 . Memory (MB): peak = 1946.992 ; gain = 0.000

Phase 2.4 Global Place Phase1
Phase 2.4 Global Place Phase1 | Checksum: 1be84b60d

Time (s): cpu = 00:00:09 ; elapsed = 00:00:06 . Memory (MB): peak = 1946.992 ; gain = 0.000

Phase 2.5 Global Place Phase2

Phase 2.5.1 UpdateTiming Before Physical Synthesis
Phase 2.5.1 UpdateTiming Before Physical Synthesis | Checksum: 1c1a772ab

Time (s): cpu = 00:00:10 ; elapsed = 00:00:06 . Memory (MB): peak = 1946.992 ; gain = 0.000

Phase 2.5.2 Physical Synthesis In Placer
INFO: [Physopt 32-1035] Found 86 LUTNM shape to break, 131 LUT instances to create LUTNM shape
INFO: [Physopt 32-1044] Break lutnm for timing: one critical 31, two critical 55, total 86, new lutff created 4
INFO: [Physopt 32-1138] End 1 Pass. Optimized 139 nets or LUTs. Breaked 86 LUTs, combined 53 existing LUTs and moved 0 existing LUT
INFO: [Physopt 32-65] No nets found for high-fanout optimization.
INFO: [Physopt 32-232] Optimized 0 net. Created 0 new instance.
INFO: [Physopt 32-775] End 1 Pass. Optimized 0 net or cell. Created 0 new cell, deleted 0 existing cell and moved 0 existing cell
INFO: [Physopt 32-456] No candidate cells for DSP register optimization found in the design.
INFO: [Physopt 32-775] End 2 Pass. Optimized 0 net or cell. Created 0 new cell, deleted 0 existing cell and moved 0 existing cell
INFO: [Physopt 32-1123] No candidate cells found for Shift Register to Pipeline optimization
INFO: [Physopt 32-775] End 2 Pass. Optimized 0 net or cell. Created 0 new cell, deleted 0 existing cell and moved 0 existing cell
INFO: [Physopt 32-1401] No candidate cells found for Shift Register optimization.
INFO: [Physopt 32-677] No candidate cells for Shift Register optimization found in the design
INFO: [Physopt 32-775] End 1 Pass. Optimized 0 net or cell. Created 0 new cell, deleted 0 existing cell and moved 0 existing cell
INFO: [Physopt 32-526] No candidate cells for BRAM register optimization found in the design
INFO: [Physopt 32-775] End 1 Pass. Optimized 0 net or cell. Created 0 new cell, deleted 0 existing cell and moved 0 existing cell
INFO: [Physopt 32-846] No candidate cells for URAM register optimization found in the design
INFO: [Physopt 32-775] End 1 Pass. Optimized 0 net or cell. Created 0 new cell, deleted 0 existing cell and moved 0 existing cell
INFO: [Physopt 32-846] No candidate cells for URAM register optimization found in the design
INFO: [Physopt 32-775] End 1 Pass. Optimized 0 net or cell. Created 0 new cell, deleted 0 existing cell and moved 0 existing cell
INFO: [Physopt 32-949] No candidate nets found for dynamic/static region interface net replication
INFO: [Physopt 32-775] End 1 Pass. Optimized 0 net or cell. Created 0 new cell, deleted 0 existing cell and moved 0 existing cell
Netlist sorting complete. Time (s): cpu = 00:00:00 ; elapsed = 00:00:00.002 . Memory (MB): peak = 1946.992 ; gain = 0.000

Summary of Physical Synthesis Optimizations
============================================


-----------------------------------------------------------------------------------------------------------------------------------------------------------
|  Optimization                                     |  Added Cells  |  Removed Cells  |  Optimized Cells/Nets  |  Dont Touch  |  Iterations  |  Elapsed   |
-----------------------------------------------------------------------------------------------------------------------------------------------------------
|  LUT Combining                                    |           86  |             53  |                   139  |           0  |           1  |  00:00:00  |
|  Retime                                           |            0  |              0  |                     0  |           0  |           1  |  00:00:00  |
|  Very High Fanout                                 |            0  |              0  |                     0  |           0  |           1  |  00:00:00  |
|  DSP Register                                     |            0  |              0  |                     0  |           0  |           1  |  00:00:00  |
|  Shift Register to Pipeline                       |            0  |              0  |                     0  |           0  |           1  |  00:00:00  |
|  Shift Register                                   |            0  |              0  |                     0  |           0  |           1  |  00:00:00  |
|  BRAM Register                                    |            0  |              0  |                     0  |           0  |           1  |  00:00:00  |
|  URAM Register                                    |            0  |              0  |                     0  |           0  |           1  |  00:00:00  |
|  Dynamic/Static Region Interface Net Replication  |            0  |              0  |                     0  |           0  |           1  |  00:00:00  |
|  Total                                            |           86  |             53  |                   139  |           0  |           9  |  00:00:00  |
-----------------------------------------------------------------------------------------------------------------------------------------------------------


Phase 2.5.2 Physical Synthesis In Placer | Checksum: 1593140d2

Time (s): cpu = 00:00:11 ; elapsed = 00:00:07 . Memory (MB): peak = 1946.992 ; gain = 0.000
Phase 2.5 Global Place Phase2 | Checksum: 246e47655

Time (s): cpu = 00:00:11 ; elapsed = 00:00:07 . Memory (MB): peak = 1946.992 ; gain = 0.000
Phase 2 Global Placement | Checksum: 246e47655

Time (s): cpu = 00:00:11 ; elapsed = 00:00:07 . Memory (MB): peak = 1946.992 ; gain = 0.000

Phase 3 Detail Placement

Phase 3.1 Commit Multi Column Macros
Phase 3.1 Commit Multi Column Macros | Checksum: 24bf3f6ff

Time (s): cpu = 00:00:11 ; elapsed = 00:00:07 . Memory (MB): peak = 1946.992 ; gain = 0.000

Phase 3.2 Commit Most Macros & LUTRAMs
Phase 3.2 Commit Most Macros & LUTRAMs | Checksum: 9d696929

Time (s): cpu = 00:00:12 ; elapsed = 00:00:08 . Memory (MB): peak = 1946.992 ; gain = 0.000

Phase 3.3 Area Swap Optimization
Phase 3.3 Area Swap Optimization | Checksum: f49945e4

Time (s): cpu = 00:00:12 ; elapsed = 00:00:08 . Memory (MB): peak = 1946.992 ; gain = 0.000

Phase 3.4 Pipeline Register Optimization
Phase 3.4 Pipeline Register Optimization | Checksum: caf547d9

Time (s): cpu = 00:00:12 ; elapsed = 00:00:08 . Memory (MB): peak = 1946.992 ; gain = 0.000

Phase 3.5 Fast Optimization
Phase 3.5 Fast Optimization | Checksum: 17236753e

Time (s): cpu = 00:00:14 ; elapsed = 00:00:09 . Memory (MB): peak = 1946.992 ; gain = 0.000

Phase 3.6 Small Shape Detail Placement
Phase 3.6 Small Shape Detail Placement | Checksum: 226bc5944

Time (s): cpu = 00:00:15 ; elapsed = 00:00:10 . Memory (MB): peak = 1946.992 ; gain = 0.000

Phase 3.7 Re-assign LUT pins
Phase 3.7 Re-assign LUT pins | Checksum: 18a35f60f

Time (s): cpu = 00:00:15 ; elapsed = 00:00:11 . Memory (MB): peak = 1946.992 ; gain = 0.000

Phase 3.8 Pipeline Register Optimization
Phase 3.8 Pipeline Register Optimization | Checksum: 223034d52

Time (s): cpu = 00:00:15 ; elapsed = 00:00:11 . Memory (MB): peak = 1946.992 ; gain = 0.000

Phase 3.9 Fast Optimization
Phase 3.9 Fast Optimization | Checksum: 11f1f1cfc

Time (s): cpu = 00:00:19 ; elapsed = 00:00:13 . Memory (MB): peak = 1946.992 ; gain = 0.000
Phase 3 Detail Placement | Checksum: 11f1f1cfc

Time (s): cpu = 00:00:19 ; elapsed = 00:00:13 . Memory (MB): peak = 1946.992 ; gain = 0.000

Phase 4 Post Placement Optimization and Clean-Up

Phase 4.1 Post Commit Optimization
INFO: [Timing 38-35] Done setting XDC timing constraints.

Phase 4.1.1 Post Placement Optimization
Post Placement Optimization Initialization | Checksum: 17b2bce88

Phase 4.1.1.1 BUFG Insertion

Starting Physical Synthesis Task

Phase 1 Physical Synthesis Initialization
INFO: [Physopt 32-721] Multithreading enabled for phys_opt_design using a maximum of 2 CPUs
INFO: [Physopt 32-619] Estimated Timing Summary | WNS=-1.851 | TNS=-119.334 |
Phase 1 Physical Synthesis Initialization | Checksum: 125a2b949

Time (s): cpu = 00:00:01 ; elapsed = 00:00:00.097 . Memory (MB): peak = 1946.992 ; gain = 0.000
INFO: [Place 46-56] BUFG insertion identified 0 candidate nets. Inserted BUFG: 0, Replicated BUFG Driver: 0, Skipped due to Placement/Routing Conflicts: 0, Skipped due to Timing Degradation: 0, Skipped due to netlist editing failed: 0.
Ending Physical Synthesis Task | Checksum: 151c7076b

Time (s): cpu = 00:00:01 ; elapsed = 00:00:00.132 . Memory (MB): peak = 1946.992 ; gain = 0.000
Phase 4.1.1.1 BUFG Insertion | Checksum: 17b2bce88

Time (s): cpu = 00:00:21 ; elapsed = 00:00:14 . Memory (MB): peak = 1946.992 ; gain = 0.000

Phase 4.1.1.2 Post Placement Timing Optimization
INFO: [Place 30-746] Post Placement Timing Summary WNS=-0.781. For the most accurate timing information please run report_timing.
Phase 4.1.1.2 Post Placement Timing Optimization | Checksum: 23c94726a

Time (s): cpu = 00:00:26 ; elapsed = 00:00:19 . Memory (MB): peak = 1946.992 ; gain = 0.000

Time (s): cpu = 00:00:26 ; elapsed = 00:00:19 . Memory (MB): peak = 1946.992 ; gain = 0.000
Phase 4.1 Post Commit Optimization | Checksum: 23c94726a

Time (s): cpu = 00:00:26 ; elapsed = 00:00:19 . Memory (MB): peak = 1946.992 ; gain = 0.000

Phase 4.2 Post Placement Cleanup
Phase 4.2 Post Placement Cleanup | Checksum: 23c94726a

Time (s): cpu = 00:00:26 ; elapsed = 00:00:19 . Memory (MB): peak = 1946.992 ; gain = 0.000

Phase 4.3 Placer Reporting

Phase 4.3.1 Print Estimated Congestion
INFO: [Place 30-612] Post-Placement Estimated Congestion 
 ____________________________________________________
|           | Global Congestion | Short Congestion  |
| Direction | Region Size       | Region Size       |
|___________|___________________|___________________|
|      North|                1x1|                2x2|
|___________|___________________|___________________|
|      South|                1x1|                1x1|
|___________|___________________|___________________|
|       East|                1x1|                1x1|
|___________|___________________|___________________|
|       West|                1x1|                1x1|
|___________|___________________|___________________|

Phase 4.3.1 Print Estimated Congestion | Checksum: 23c94726a

Time (s): cpu = 00:00:26 ; elapsed = 00:00:19 . Memory (MB): peak = 1946.992 ; gain = 0.000
Phase 4.3 Placer Reporting | Checksum: 23c94726a

Time (s): cpu = 00:00:26 ; elapsed = 00:00:19 . Memory (MB): peak = 1946.992 ; gain = 0.000

Phase 4.4 Final Placement Cleanup
Netlist sorting complete. Time (s): cpu = 00:00:00 ; elapsed = 00:00:00.003 . Memory (MB): peak = 1946.992 ; gain = 0.000

Time (s): cpu = 00:00:26 ; elapsed = 00:00:19 . Memory (MB): peak = 1946.992 ; gain = 0.000
Phase 4 Post Placement Optimization and Clean-Up | Checksum: 2379aeeeb

Time (s): cpu = 00:00:26 ; elapsed = 00:00:19 . Memory (MB): peak = 1946.992 ; gain = 0.000
Ending Placer Task | Checksum: 16d38e229

Time (s): cpu = 00:00:26 ; elapsed = 00:00:19 . Memory (MB): peak = 1946.992 ; gain = 0.000
78 Infos, 0 Warnings, 0 Critical Warnings and 0 Errors encountered.
place_design completed successfully
place_design: Time (s): cpu = 00:00:28 ; elapsed = 00:00:20 . Memory (MB): peak = 1946.992 ; gain = 0.000
INFO: [Vivado 12-24838] Running report commands "report_control_sets, report_io, report_utilization" in parallel.
Running report generation with 2 threads.
INFO: [Vivado 12-24828] Executing command : report_utilization -file floating_point_alu_utilization_placed.rpt -pb floating_point_alu_utilization_placed.pb
INFO: [Vivado 12-24828] Executing command : report_control_sets -verbose -file floating_point_alu_control_sets_placed.rpt
report_control_sets: Time (s): cpu = 00:00:00 ; elapsed = 00:00:00.009 . Memory (MB): peak = 1946.992 ; gain = 0.000
INFO: [Vivado 12-24828] Executing command : report_io -file floating_point_alu_io_placed.rpt
report_io: Time (s): cpu = 00:00:00 ; elapsed = 00:00:00.091 . Memory (MB): peak = 1946.992 ; gain = 0.000
INFO: [Timing 38-480] Writing timing data to binary archive.
Write ShapeDB Complete: Time (s): cpu = 00:00:00 ; elapsed = 00:00:00.020 . Memory (MB): peak = 1946.992 ; gain = 0.000
Wrote PlaceDB: Time (s): cpu = 00:00:01 ; elapsed = 00:00:00.337 . Memory (MB): peak = 1946.992 ; gain = 0.000
Wrote PulsedLatchDB: Time (s): cpu = 00:00:00 ; elapsed = 00:00:00 . Memory (MB): peak = 1946.992 ; gain = 0.000
Writing XDEF routing.
Writing XDEF routing logical nets.
Writing XDEF routing special nets.
Wrote RouteStorage: Time (s): cpu = 00:00:00 ; elapsed = 00:00:00.022 . Memory (MB): peak = 1946.992 ; gain = 0.000
Wrote Netlist Cache: Time (s): cpu = 00:00:00 ; elapsed = 00:00:00.008 . Memory (MB): peak = 1946.992 ; gain = 0.000
Wrote Device Cache: Time (s): cpu = 00:00:00 ; elapsed = 00:00:00.006 . Memory (MB): peak = 1946.992 ; gain = 0.000
Write Physdb Complete: Time (s): cpu = 00:00:01 ; elapsed = 00:00:00.383 . Memory (MB): peak = 1946.992 ; gain = 0.000
INFO: [Common 17-1381] The checkpoint 'C:/Users/klein/Documents/projects/Floating-Point-ALU/vivado/FPU.runs/impl_1/floating_point_alu_placed.dcp' has been generated.
Command: phys_opt_design
Attempting to get a license for feature 'Implementation' and/or device 'xc7z020'
INFO: [Common 17-349] Got license for feature 'Implementation' and/or device 'xc7z020'

Starting Initial Update Timing Task

Time (s): cpu = 00:00:01 ; elapsed = 00:00:00.595 . Memory (MB): peak = 1946.992 ; gain = 0.000
INFO: [Vivado_Tcl 4-1435] PhysOpt_Tcl_Interface Runtime Before Starting Physical Synthesis Task | CPU: 1.00s |  WALL: 0.63s
Netlist sorting complete. Time (s): cpu = 00:00:00 ; elapsed = 00:00:00.003 . Memory (MB): peak = 1946.992 ; gain = 0.000

Starting Physical Synthesis Task

Phase 1 Physical Synthesis Initialization
INFO: [Physopt 32-721] Multithreading enabled for phys_opt_design using a maximum of 2 CPUs
INFO: [Physopt 32-619] Estimated Timing Summary | WNS=-0.781 | TNS=-51.546 |
Phase 1 Physical Synthesis Initialization | Checksum: c0b97446

Time (s): cpu = 00:00:01 ; elapsed = 00:00:00.482 . Memory (MB): peak = 1946.992 ; gain = 0.000
INFO: [Physopt 32-619] Estimated Timing Summary | WNS=-0.781 | TNS=-51.546 |

Phase 2 DSP Register Optimization
INFO: [Physopt 32-456] No candidate cells for DSP register optimization found in the design.
INFO: [Physopt 32-775] End 2 Pass. Optimized 0 net or cell. Created 0 new cell, deleted 0 existing cell and moved 0 existing cell
Phase 2 DSP Register Optimization | Checksum: c0b97446

Time (s): cpu = 00:00:01 ; elapsed = 00:00:00.551 . Memory (MB): peak = 1946.992 ; gain = 0.000

Phase 3 Critical Path Optimization
INFO: [Physopt 32-619] Estimated Timing Summary | WNS=-0.781 | TNS=-51.546 |
INFO: [Physopt 32-702] Processed net addsub/out_reg[31]_0[21]. Optimizations did not improve timing on the net.
INFO: [Physopt 32-81] Processed net addsub/s4_subtraction_result[19]. Replicated 2 times.
INFO: [Physopt 32-735] Processed net addsub/s4_subtraction_result[19]. Optimization improves timing on the net.
INFO: [Physopt 32-619] Estimated Timing Summary | WNS=-0.773 | TNS=-51.050 |
INFO: [Physopt 32-81] Processed net addsub/s4_subtraction_result[19]_repN. Replicated 1 times.
INFO: [Physopt 32-735] Processed net addsub/s4_subtraction_result[19]_repN. Optimization improves timing on the net.
INFO: [Physopt 32-619] Estimated Timing Summary | WNS=-0.767 | TNS=-50.678 |
INFO: [Physopt 32-702] Processed net addsub/s4_subtraction_result[19]_repN_2. Optimizations did not improve timing on the net.
INFO: [Physopt 32-702] Processed net addsub/out[22]_i_4__4_n_0. Optimizations did not improve timing on the net.
INFO: [Physopt 32-710] Processed net addsub/out[22]_i_4__4_n_0. Critical path length was reduced through logic transformation on cell addsub/out[22]_i_4__4_comp.
INFO: [Physopt 32-735] Processed net addsub/s4_exponent_underflow. Optimization improves timing on the net.
INFO: [Physopt 32-619] Estimated Timing Summary | WNS=-0.762 | TNS=-47.428 |
INFO: [Physopt 32-702] Processed net addsub/out_reg[31]_0[18]. Optimizations did not improve timing on the net.
INFO: [Physopt 32-710] Processed net addsub/out[31]_i_1__1_n_0. Critical path length was reduced through logic transformation on cell addsub/out[31]_i_1__1_comp.
INFO: [Physopt 32-735] Processed net addsub/s4_exponent_overflow. Optimization improves timing on the net.
INFO: [Physopt 32-619] Estimated Timing Summary | WNS=-0.706 | TNS=-37.852 |
INFO: [Physopt 32-702] Processed net fused_mult_add/s5_alignment_sticky_bit. Optimizations did not improve timing on the net.
INFO: [Physopt 32-663] Processed net fused_mult_add/s4_mult_exponent_add[0].  Re-placed instance fused_mult_add/s4_mult_exponent_add_reg[0]
INFO: [Physopt 32-735] Processed net fused_mult_add/s4_mult_exponent_add[0]. Optimization improves timing on the net.
INFO: [Physopt 32-619] Estimated Timing Summary | WNS=-0.673 | TNS=-37.805 |
INFO: [Physopt 32-663] Processed net fused_mult_add/s4_mult_exponent_add[2].  Re-placed instance fused_mult_add/s4_mult_exponent_add_reg[2]
INFO: [Physopt 32-735] Processed net fused_mult_add/s4_mult_exponent_add[2]. Optimization improves timing on the net.
INFO: [Physopt 32-619] Estimated Timing Summary | WNS=-0.629 | TNS=-37.749 |
INFO: [Physopt 32-710] Processed net addsub/out[22]_i_4__4_n_0. Critical path length was reduced through logic transformation on cell addsub/out[22]_i_4__4_comp_1.
INFO: [Physopt 32-735] Processed net addsub/s4_exponent_overflow. Optimization improves timing on the net.
INFO: [Physopt 32-619] Estimated Timing Summary | WNS=-0.619 | TNS=-36.480 |
INFO: [Physopt 32-702] Processed net fused_mult_add/Q[2]. Optimizations did not improve timing on the net.
INFO: [Physopt 32-663] Processed net fused_mult_add/s6_subtraction_result[17].  Re-placed instance fused_mult_add/s6_subtraction_result_reg[17]
INFO: [Physopt 32-735] Processed net fused_mult_add/s6_subtraction_result[17]. Optimization improves timing on the net.
INFO: [Physopt 32-619] Estimated Timing Summary | WNS=-0.619 | TNS=-36.480 |
INFO: [Physopt 32-663] Processed net fused_mult_add/s6_subtraction_result[24].  Re-placed instance fused_mult_add/s6_subtraction_result_reg[24]
INFO: [Physopt 32-735] Processed net fused_mult_add/s6_subtraction_result[24]. Optimization improves timing on the net.
INFO: [Physopt 32-619] Estimated Timing Summary | WNS=-0.617 | TNS=-36.230 |
INFO: [Physopt 32-81] Processed net fused_mult_add/s2_s4_multiplier/s4_multiplier_out[47]. Replicated 1 times.
INFO: [Physopt 32-735] Processed net fused_mult_add/s2_s4_multiplier/s4_multiplier_out[47]. Optimization improves timing on the net.
INFO: [Physopt 32-619] Estimated Timing Summary | WNS=-0.614 | TNS=-36.227 |
INFO: [Physopt 32-663] Processed net fused_mult_add/s2_s4_multiplier/s4_multiplier_out[47].  Re-placed instance fused_mult_add/s2_s4_multiplier/out_reg[47]
INFO: [Physopt 32-735] Processed net fused_mult_add/s2_s4_multiplier/s4_multiplier_out[47]. Optimization improves timing on the net.
INFO: [Physopt 32-619] Estimated Timing Summary | WNS=-0.609 | TNS=-36.217 |
INFO: [Physopt 32-663] Processed net fused_mult_add/s6_subtraction_result[18].  Re-placed instance fused_mult_add/s6_subtraction_result_reg[18]
INFO: [Physopt 32-735] Processed net fused_mult_add/s6_subtraction_result[18]. Optimization improves timing on the net.
INFO: [Physopt 32-619] Estimated Timing Summary | WNS=-0.604 | TNS=-35.017 |
INFO: [Physopt 32-81] Processed net fused_mult_add/s2_s4_multiplier/s4_multiplier_out[47]. Replicated 1 times.
INFO: [Physopt 32-735] Processed net fused_mult_add/s2_s4_multiplier/s4_multiplier_out[47]. Optimization improves timing on the net.
INFO: [Physopt 32-619] Estimated Timing Summary | WNS=-0.579 | TNS=-34.965 |
INFO: [Physopt 32-702] Processed net addsub/out_reg[31]_0[12]. Optimizations did not improve timing on the net.
INFO: [Physopt 32-710] Processed net addsub/out[12]_i_1_n_0. Critical path length was reduced through logic transformation on cell addsub/out[12]_i_1_comp.
INFO: [Physopt 32-735] Processed net addsub/out[22]_i_2__5_n_0. Optimization improves timing on the net.
INFO: [Physopt 32-619] Estimated Timing Summary | WNS=-0.577 | TNS=-34.883 |
INFO: [Physopt 32-702] Processed net addsub/out_reg[31]_0[4]. Optimizations did not improve timing on the net.
INFO: [Physopt 32-710] Processed net addsub/out[4]_i_1_n_0. Critical path length was reduced through logic transformation on cell addsub/out[4]_i_1_comp.
INFO: [Physopt 32-735] Processed net addsub/out[22]_i_2__5_n_0. Optimization improves timing on the net.
INFO: [Physopt 32-619] Estimated Timing Summary | WNS=-0.565 | TNS=-34.775 |
INFO: [Physopt 32-710] Processed net addsub/out[18]_i_1_n_0. Critical path length was reduced through logic transformation on cell addsub/out[18]_i_1_comp.
INFO: [Physopt 32-735] Processed net addsub/out[22]_i_2__5_n_0. Optimization improves timing on the net.
INFO: [Physopt 32-619] Estimated Timing Summary | WNS=-0.561 | TNS=-34.674 |
INFO: [Physopt 32-663] Processed net fused_mult_add/s6_subtraction_result[23].  Re-placed instance fused_mult_add/s6_subtraction_result_reg[23]
INFO: [Physopt 32-735] Processed net fused_mult_add/s6_subtraction_result[23]. Optimization improves timing on the net.
INFO: [Physopt 32-619] Estimated Timing Summary | WNS=-0.553 | TNS=-34.474 |
INFO: [Physopt 32-81] Processed net fused_mult_add/s6_subtraction_result[17]. Replicated 2 times.
INFO: [Physopt 32-735] Processed net fused_mult_add/s6_subtraction_result[17]. Optimization improves timing on the net.
INFO: [Physopt 32-619] Estimated Timing Summary | WNS=-0.552 | TNS=-33.599 |
INFO: [Physopt 32-81] Processed net fused_mult_add/s2_s4_multiplier/s4_multiplier_out[47]_repN_1. Replicated 1 times.
INFO: [Physopt 32-735] Processed net fused_mult_add/s2_s4_multiplier/s4_multiplier_out[47]_repN_1. Optimization improves timing on the net.
INFO: [Physopt 32-619] Estimated Timing Summary | WNS=-0.533 | TNS=-33.580 |
INFO: [Physopt 32-663] Processed net fused_mult_add/s4_mult_exponent_add[1].  Re-placed instance fused_mult_add/s4_mult_exponent_add_reg[1]
INFO: [Physopt 32-735] Processed net fused_mult_add/s4_mult_exponent_add[1]. Optimization improves timing on the net.
INFO: [Physopt 32-619] Estimated Timing Summary | WNS=-0.532 | TNS=-33.571 |
INFO: [Physopt 32-702] Processed net addsub/out_reg[31]_0[17]. Optimizations did not improve timing on the net.
INFO: [Physopt 32-710] Processed net addsub/out[17]_i_1_n_0. Critical path length was reduced through logic transformation on cell addsub/out[17]_i_1_comp.
INFO: [Physopt 32-735] Processed net addsub/out[22]_i_2__5_n_0. Optimization improves timing on the net.
INFO: [Physopt 32-619] Estimated Timing Summary | WNS=-0.531 | TNS=-33.463 |
INFO: [Physopt 32-702] Processed net addsub/out_reg[31]_0[0]. Optimizations did not improve timing on the net.
INFO: [Physopt 32-710] Processed net addsub/out[0]_i_1_n_0. Critical path length was reduced through logic transformation on cell addsub/out[0]_i_1_comp.
INFO: [Physopt 32-735] Processed net addsub/out[22]_i_2__5_n_0. Optimization improves timing on the net.
INFO: [Physopt 32-619] Estimated Timing Summary | WNS=-0.524 | TNS=-33.346 |
INFO: [Physopt 32-702] Processed net fused_mult_add/s2_s4_multiplier/s4_multiplier_out[47]_repN_2. Optimizations did not improve timing on the net.
INFO: [Physopt 32-608] Optimized 1 net.  Swapped 20 pins.
INFO: [Physopt 32-735] Processed net fused_mult_add/s2_s4_multiplier/s5_alignment_sticky_bit_i_2_n_0. Optimization improves timing on the net.
INFO: [Physopt 32-619] Estimated Timing Summary | WNS=-0.518 | TNS=-33.301 |
INFO: [Physopt 32-702] Processed net fused_mult_add/s6_subtraction_result[17]_repN. Optimizations did not improve timing on the net.
INFO: [Physopt 32-608] Optimized 1 net.  Swapped 21 pins.
INFO: [Physopt 32-735] Processed net fused_mult_add/out[22]_i_2__4_n_0. Optimization improves timing on the net.
INFO: [Physopt 32-619] Estimated Timing Summary | WNS=-0.504 | TNS=-26.516 |
INFO: [Physopt 32-663] Processed net addsub/out[31]_i_8_n_0.  Re-placed instance addsub/out[31]_i_8
INFO: [Physopt 32-735] Processed net addsub/out[31]_i_8_n_0. Optimization improves timing on the net.
INFO: [Physopt 32-619] Estimated Timing Summary | WNS=-0.490 | TNS=-26.357 |
INFO: [Physopt 32-702] Processed net addsub/out_reg[31]_0[6]. Optimizations did not improve timing on the net.
INFO: [Physopt 32-710] Processed net addsub/out[6]_i_1_n_0. Critical path length was reduced through logic transformation on cell addsub/out[6]_i_1_comp.
INFO: [Physopt 32-735] Processed net addsub/out[22]_i_2__5_n_0. Optimization improves timing on the net.
INFO: [Physopt 32-619] Estimated Timing Summary | WNS=-0.489 | TNS=-26.121 |
INFO: [Physopt 32-702] Processed net addsub/out_reg[31]_0[2]. Optimizations did not improve timing on the net.
INFO: [Physopt 32-710] Processed net addsub/out[2]_i_1_n_0. Critical path length was reduced through logic transformation on cell addsub/out[2]_i_1_comp.
INFO: [Physopt 32-735] Processed net addsub/out[22]_i_2__5_n_0. Optimization improves timing on the net.
INFO: [Physopt 32-619] Estimated Timing Summary | WNS=-0.479 | TNS=-25.859 |
INFO: [Physopt 32-608] Optimized 1 net.  Swapped 20 pins.
INFO: [Physopt 32-735] Processed net fused_mult_add/s2_s4_multiplier/s5_alignment_sticky_bit_i_2_n_0. Optimization improves timing on the net.
INFO: [Physopt 32-619] Estimated Timing Summary | WNS=-0.467 | TNS=-25.831 |
INFO: [Physopt 32-710] Processed net addsub/out[31]_i_1__1_n_0. Critical path length was reduced through logic transformation on cell addsub/out[31]_i_1__1_comp_1.
INFO: [Physopt 32-735] Processed net addsub/out[31]_i_6_n_0. Optimization improves timing on the net.
INFO: [Physopt 32-619] Estimated Timing Summary | WNS=-0.451 | TNS=-17.443 |
INFO: [Physopt 32-702] Processed net addsub/out_reg[31]_0[10]. Optimizations did not improve timing on the net.
INFO: [Physopt 32-710] Processed net addsub/out[10]_i_1_n_0. Critical path length was reduced through logic transformation on cell addsub/out[10]_i_1_comp.
INFO: [Physopt 32-735] Processed net addsub/out[22]_i_2__5_n_0. Optimization improves timing on the net.
INFO: [Physopt 32-619] Estimated Timing Summary | WNS=-0.451 | TNS=-17.336 |
INFO: [Physopt 32-702] Processed net fused_mult_add/s2_s4_multiplier/s5_alignment_sticky_bit_i_2_n_0. Optimizations did not improve timing on the net.
INFO: [Physopt 32-608] Optimized 1 net.  Swapped 21 pins.
INFO: [Physopt 32-735] Processed net fused_mult_add/s2_s4_multiplier/out_reg[47]_0[13]. Optimization improves timing on the net.
INFO: [Physopt 32-619] Estimated Timing Summary | WNS=-0.447 | TNS=-17.327 |
INFO: [Physopt 32-702] Processed net addsub/out_reg[31]_0[14]. Optimizations did not improve timing on the net.
INFO: [Physopt 32-710] Processed net addsub/out[14]_i_1_n_0. Critical path length was reduced through logic transformation on cell addsub/out[14]_i_1_comp.
INFO: [Physopt 32-735] Processed net addsub/out[22]_i_2__5_n_0. Optimization improves timing on the net.
INFO: [Physopt 32-619] Estimated Timing Summary | WNS=-0.444 | TNS=-17.100 |
INFO: [Physopt 32-702] Processed net addsub/out_reg[31]_0[13]. Optimizations did not improve timing on the net.
INFO: [Physopt 32-710] Processed net addsub/out[13]_i_1_n_0. Critical path length was reduced through logic transformation on cell addsub/out[13]_i_1_comp.
INFO: [Physopt 32-735] Processed net addsub/out[22]_i_2__5_n_0. Optimization improves timing on the net.
INFO: [Physopt 32-619] Estimated Timing Summary | WNS=-0.442 | TNS=-16.893 |
INFO: [Physopt 32-608] Optimized 1 net.  Swapped 18 pins.
INFO: [Physopt 32-735] Processed net fused_mult_add/s2_s4_multiplier/s5_alignment_sticky_bit_i_5_n_0. Optimization improves timing on the net.
INFO: [Physopt 32-619] Estimated Timing Summary | WNS=-0.439 | TNS=-16.852 |
INFO: [Physopt 32-702] Processed net addsub/out_reg[31]_0[22]. Optimizations did not improve timing on the net.
INFO: [Physopt 32-710] Processed net addsub/out[22]_i_1_n_0. Critical path length was reduced through logic transformation on cell addsub/out[22]_i_1_comp.
INFO: [Physopt 32-735] Processed net addsub/out[22]_i_2__5_n_0. Optimization improves timing on the net.
INFO: [Physopt 32-619] Estimated Timing Summary | WNS=-0.432 | TNS=-16.833 |
INFO: [Physopt 32-702] Processed net addsub/out[31]_i_8_n_0. Optimizations did not improve timing on the net.
INFO: [Physopt 32-702] Processed net addsub/s4_rounded_exponent[2]. Optimizations did not improve timing on the net.
INFO: [Physopt 32-702] Processed net addsub/out[26]_i_5_n_0. Optimizations did not improve timing on the net.
INFO: [Physopt 32-702] Processed net addsub/p_0_in1_in. Optimizations did not improve timing on the net.
INFO: [Physopt 32-702] Processed net addsub/out_reg[19]_i_2_n_0. Optimizations did not improve timing on the net.
INFO: [Physopt 32-702] Processed net addsub/out_reg[15]_i_2_n_0. Optimizations did not improve timing on the net.
INFO: [Physopt 32-702] Processed net addsub/out_reg[11]_i_2_n_0. Optimizations did not improve timing on the net.
INFO: [Physopt 32-702] Processed net addsub/out_reg[7]_i_2_n_0. Optimizations did not improve timing on the net.
INFO: [Physopt 32-702] Processed net addsub/out_reg[3]_i_2_n_0. Optimizations did not improve timing on the net.
INFO: [Physopt 32-702] Processed net addsub/out[3]_i_7_n_0. Optimizations did not improve timing on the net.
INFO: [Physopt 32-710] Processed net addsub/out[3]_i_7_n_0. Critical path length was reduced through logic transformation on cell addsub/out[3]_i_7_comp.
INFO: [Physopt 32-735] Processed net addsub/s4_normalized_mantissa[0]. Optimization improves timing on the net.
INFO: [Physopt 32-619] Estimated Timing Summary | WNS=-0.420 | TNS=-15.872 |
INFO: [Physopt 32-702] Processed net addsub/s3_alignment_sticky_bit. Optimizations did not improve timing on the net.
INFO: [Physopt 32-663] Processed net addsub/s2_in1_reg[exponent][2].  Re-placed instance addsub/s2_in1_reg[exponent][2]
INFO: [Physopt 32-735] Processed net addsub/s2_in1_reg[exponent][2]. Optimization improves timing on the net.
INFO: [Physopt 32-619] Estimated Timing Summary | WNS=-0.417 | TNS=-15.827 |
INFO: [Physopt 32-702] Processed net addsub/out[3]_i_13_n_0. Optimizations did not improve timing on the net.
INFO: [Physopt 32-702] Processed net addsub/s4_normalized_mantissa[0]. Optimizations did not improve timing on the net.
INFO: [Physopt 32-710] Processed net addsub/s4_normalized_mantissa[0]. Critical path length was reduced through logic transformation on cell addsub/out[3]_i_3_comp_2.
INFO: [Physopt 32-735] Processed net addsub/out[3]_i_8_n_0. Optimization improves timing on the net.
INFO: [Physopt 32-619] Estimated Timing Summary | WNS=-0.415 | TNS=-15.712 |
INFO: [Physopt 32-608] Optimized 1 net.  Swapped 22 pins.
INFO: [Physopt 32-735] Processed net addsub/s4_normalized_mantissa__0[14]. Optimization improves timing on the net.
INFO: [Physopt 32-619] Estimated Timing Summary | WNS=-0.401 | TNS=-11.228 |
INFO: [Physopt 32-663] Processed net fused_mult_add/s2_s4_multiplier/out_reg[47]_0[18].  Re-placed instance fused_mult_add/s2_s4_multiplier/s5_aligned_smaller_mantissa[18]_i_1
INFO: [Physopt 32-735] Processed net fused_mult_add/s2_s4_multiplier/out_reg[47]_0[18]. Optimization improves timing on the net.
INFO: [Physopt 32-619] Estimated Timing Summary | WNS=-0.394 | TNS=-11.221 |
INFO: [Physopt 32-663] Processed net fused_mult_add/s2_s4_multiplier/out_reg[47]_0[16].  Re-placed instance fused_mult_add/s2_s4_multiplier/s5_aligned_smaller_mantissa[16]_i_1
INFO: [Physopt 32-735] Processed net fused_mult_add/s2_s4_multiplier/out_reg[47]_0[16]. Optimization improves timing on the net.
INFO: [Physopt 32-619] Estimated Timing Summary | WNS=-0.387 | TNS=-11.139 |
INFO: [Physopt 32-702] Processed net fused_mult_add/Q[23]. Optimizations did not improve timing on the net.
INFO: [Physopt 32-710] Processed net fused_mult_add/out[23]_i_1__4_n_0. Critical path length was reduced through logic transformation on cell fused_mult_add/out[23]_i_1__4_comp.
INFO: [Physopt 32-735] Processed net fused_mult_add/out[23]_i_4__1_n_0. Optimization improves timing on the net.
INFO: [Physopt 32-619] Estimated Timing Summary | WNS=-0.375 | TNS=-10.752 |
INFO: [Physopt 32-663] Processed net multiply/s2_multiplier_in2[1].  Re-placed instance multiply/s2_in2_reg[mantissa][1]
INFO: [Physopt 32-735] Processed net multiply/s2_multiplier_in2[1]. Optimization improves timing on the net.
INFO: [Physopt 32-619] Estimated Timing Summary | WNS=-0.318 | TNS=-10.652 |
INFO: [Physopt 32-702] Processed net addsub/s4_normalized_mantissa__0[17]. Optimizations did not improve timing on the net.
INFO: [Physopt 32-601] Processed net addsub/out[19]_i_9_n_0. Net driver addsub/out[19]_i_9 was replaced.
INFO: [Physopt 32-735] Processed net addsub/out[19]_i_9_n_0. Optimization improves timing on the net.
INFO: [Physopt 32-619] Estimated Timing Summary | WNS=-0.316 | TNS=-10.570 |
INFO: [Physopt 32-702] Processed net addsub/s4_normalized_mantissa__0[20]. Optimizations did not improve timing on the net.
INFO: [Physopt 32-710] Processed net addsub/s4_normalized_mantissa__0[20]. Critical path length was reduced through logic transformation on cell addsub/out[22]_i_7_comp.
INFO: [Physopt 32-735] Processed net addsub/out[22]_i_12_n_0. Optimization improves timing on the net.
INFO: [Physopt 32-619] Estimated Timing Summary | WNS=-0.315 | TNS=-10.529 |
INFO: [Physopt 32-702] Processed net addsub/s4_normalized_mantissa__0[16]. Optimizations did not improve timing on the net.
INFO: [Physopt 32-710] Processed net addsub/s4_normalized_mantissa__0[16]. Critical path length was reduced through logic transformation on cell addsub/out[19]_i_6_comp.
INFO: [Physopt 32-735] Processed net addsub/out[19]_i_11_n_0. Optimization improves timing on the net.
INFO: [Physopt 32-619] Estimated Timing Summary | WNS=-0.314 | TNS=-10.488 |
INFO: [Physopt 32-702] Processed net addsub/s4_normalized_mantissa__0[13]. Optimizations did not improve timing on the net.
INFO: [Physopt 32-663] Processed net addsub/out[15]_i_9_n_0.  Re-placed instance addsub/out[15]_i_9
INFO: [Physopt 32-735] Processed net addsub/out[15]_i_9_n_0. Optimization improves timing on the net.
INFO: [Physopt 32-619] Estimated Timing Summary | WNS=-0.312 | TNS=-9.996 |
INFO: [Physopt 32-702] Processed net fused_mult_add/s2_s4_multiplier/s5_alignment_sticky_bit_i_9_n_0. Optimizations did not improve timing on the net.
INFO: [Physopt 32-710] Processed net fused_mult_add/s2_s4_multiplier/s5_alignment_sticky_bit_i_9_n_0. Critical path length was reduced through logic transformation on cell fused_mult_add/s2_s4_multiplier/s5_alignment_sticky_bit_i_9_comp.
INFO: [Physopt 32-735] Processed net fused_mult_add/s2_s4_multiplier/out_reg[47]_0[24]. Optimization improves timing on the net.
INFO: [Physopt 32-619] Estimated Timing Summary | WNS=-0.302 | TNS=-9.939 |
INFO: [Physopt 32-702] Processed net addsub/s4_normalized_mantissa__0[21]. Optimizations did not improve timing on the net.
INFO: [Physopt 32-702] Processed net addsub/out[22]_i_10_n_0. Optimizations did not improve timing on the net.
INFO: [Physopt 32-663] Processed net addsub/out[22]_i_21_n_0.  Re-placed instance addsub/out[22]_i_21
INFO: [Physopt 32-735] Processed net addsub/out[22]_i_21_n_0. Optimization improves timing on the net.
INFO: [Physopt 32-619] Estimated Timing Summary | WNS=-0.302 | TNS=-9.939 |
INFO: [Physopt 32-710] Processed net addsub/s4_normalized_mantissa__0[16]. Critical path length was reduced through logic transformation on cell addsub/out[19]_i_6_comp_1.
INFO: [Physopt 32-735] Processed net addsub/out[19]_i_13_n_0. Optimization improves timing on the net.
INFO: [Physopt 32-619] Estimated Timing Summary | WNS=-0.300 | TNS=-9.857 |
INFO: [Physopt 32-710] Processed net addsub/s4_normalized_mantissa__0[17]. Critical path length was reduced through logic transformation on cell addsub/out[19]_i_5_comp.
INFO: [Physopt 32-735] Processed net addsub/out[19]_i_9_n_0. Optimization improves timing on the net.
INFO: [Physopt 32-619] Estimated Timing Summary | WNS=-0.297 | TNS=-9.734 |
INFO: [Physopt 32-710] Processed net addsub/out[22]_i_10_n_0. Critical path length was reduced through logic transformation on cell addsub/out[22]_i_10_comp.
INFO: [Physopt 32-735] Processed net addsub/out[22]_i_21_n_0. Optimization improves timing on the net.
INFO: [Physopt 32-619] Estimated Timing Summary | WNS=-0.295 | TNS=-9.652 |
INFO: [Physopt 32-663] Processed net addsub/out[15]_i_9_n_0.  Re-placed instance addsub/out[15]_i_9
INFO: [Physopt 32-735] Processed net addsub/out[15]_i_9_n_0. Optimization improves timing on the net.
INFO: [Physopt 32-619] Estimated Timing Summary | WNS=-0.280 | TNS=-9.044 |
INFO: [Physopt 32-710] Processed net addsub/s4_normalized_mantissa__0[13]. Critical path length was reduced through logic transformation on cell addsub/out[15]_i_5_comp.
INFO: [Physopt 32-735] Processed net addsub/out[15]_i_9_n_0. Optimization improves timing on the net.
INFO: [Physopt 32-619] Estimated Timing Summary | WNS=-0.277 | TNS=-8.927 |
INFO: [Physopt 32-702] Processed net addsub/s4_normalized_mantissa__0[19]. Optimizations did not improve timing on the net.
INFO: [Physopt 32-702] Processed net addsub/out[22]_i_14_n_0. Optimizations did not improve timing on the net.
INFO: [Physopt 32-710] Processed net addsub/out[22]_i_14_n_0. Critical path length was reduced through logic transformation on cell addsub/out[22]_i_14_comp.
INFO: [Physopt 32-735] Processed net addsub/out[22]_i_21_n_0. Optimization improves timing on the net.
INFO: [Physopt 32-619] Estimated Timing Summary | WNS=-0.275 | TNS=-8.381 |
INFO: [Physopt 32-663] Processed net multiply/s2_multiplier_in2[19].  Re-placed instance multiply/s2_in2_reg[mantissa][19]
INFO: [Physopt 32-735] Processed net multiply/s2_multiplier_in2[19]. Optimization improves timing on the net.
INFO: [Physopt 32-619] Estimated Timing Summary | WNS=-0.263 | TNS=-8.357 |
INFO: [Physopt 32-710] Processed net addsub/out[22]_i_14_n_0. Critical path length was reduced through logic transformation on cell addsub/out[22]_i_14_comp_1.
INFO: [Physopt 32-735] Processed net addsub/out[22]_i_23_n_0. Optimization improves timing on the net.
INFO: [Physopt 32-619] Estimated Timing Summary | WNS=-0.256 | TNS=-8.084 |
INFO: [Physopt 32-702] Processed net addsub/s4_normalized_mantissa__0[15]. Optimizations did not improve timing on the net.
INFO: [Physopt 32-710] Processed net addsub/s4_normalized_mantissa__0[15]. Critical path length was reduced through logic transformation on cell addsub/out[15]_i_3_comp.
INFO: [Physopt 32-735] Processed net addsub/out[19]_i_13_n_0. Optimization improves timing on the net.
INFO: [Physopt 32-619] Estimated Timing Summary | WNS=-0.255 | TNS=-7.652 |
INFO: [Physopt 32-663] Processed net fused_mult_add/s2_s4_multiplier/out_reg[47]_0[13].  Re-placed instance fused_mult_add/s2_s4_multiplier/s5_aligned_smaller_mantissa[13]_i_1
INFO: [Physopt 32-735] Processed net fused_mult_add/s2_s4_multiplier/out_reg[47]_0[13]. Optimization improves timing on the net.
INFO: [Physopt 32-619] Estimated Timing Summary | WNS=-0.251 | TNS=-7.612 |
INFO: [Physopt 32-663] Processed net addsub/s2_in2_reg[exponent][2].  Re-placed instance addsub/s2_in2_reg[exponent][2]
INFO: [Physopt 32-735] Processed net addsub/s2_in2_reg[exponent][2]. Optimization improves timing on the net.
INFO: [Physopt 32-619] Estimated Timing Summary | WNS=-0.245 | TNS=-7.606 |
INFO: [Physopt 32-81] Processed net addsub/s2_in1_reg[exponent][0]. Replicated 1 times.
INFO: [Physopt 32-735] Processed net addsub/s2_in1_reg[exponent][0]. Optimization improves timing on the net.
INFO: [Physopt 32-619] Estimated Timing Summary | WNS=-0.245 | TNS=-7.586 |
INFO: [Physopt 32-608] Optimized 1 net.  Swapped 22 pins.
INFO: [Physopt 32-735] Processed net addsub/s4_normalized_mantissa__0[10]. Optimization improves timing on the net.
INFO: [Physopt 32-619] Estimated Timing Summary | WNS=-0.237 | TNS=-7.339 |
INFO: [Physopt 32-710] Processed net addsub/s4_normalized_mantissa__0[21]. Critical path length was reduced through logic transformation on cell addsub/out[22]_i_6_comp.
INFO: [Physopt 32-735] Processed net addsub/out[22]_i_12_n_0. Optimization improves timing on the net.
INFO: [Physopt 32-619] Estimated Timing Summary | WNS=-0.237 | TNS=-7.339 |
INFO: [Physopt 32-663] Processed net addsub/out[19]_i_11_n_0.  Re-placed instance addsub/out[19]_i_11
INFO: [Physopt 32-735] Processed net addsub/out[19]_i_11_n_0. Optimization improves timing on the net.
INFO: [Physopt 32-619] Estimated Timing Summary | WNS=-0.232 | TNS=-7.189 |
INFO: [Physopt 32-702] Processed net addsub/s4_normalized_mantissa__0[2]. Optimizations did not improve timing on the net.
INFO: [Physopt 32-710] Processed net addsub/s4_normalized_mantissa__0[2]. Critical path length was reduced through logic transformation on cell addsub/out[3]_i_5_comp.
INFO: [Physopt 32-735] Processed net addsub/out[3]_i_11_n_0. Optimization improves timing on the net.
INFO: [Physopt 32-619] Estimated Timing Summary | WNS=-0.229 | TNS=-7.100 |
INFO: [Physopt 32-710] Processed net addsub/s4_normalized_mantissa__0[21]. Critical path length was reduced through logic transformation on cell addsub/out[22]_i_6_comp_1.
INFO: [Physopt 32-735] Processed net addsub/out[22]_i_16_n_0. Optimization improves timing on the net.
INFO: [Physopt 32-619] Estimated Timing Summary | WNS=-0.225 | TNS=-6.558 |
INFO: [Physopt 32-81] Processed net addsub/s2_in1_reg[exponent][2]. Replicated 1 times.
INFO: [Physopt 32-735] Processed net addsub/s2_in1_reg[exponent][2]. Optimization improves timing on the net.
INFO: [Physopt 32-619] Estimated Timing Summary | WNS=-0.223 | TNS=-6.555 |
INFO: [Physopt 32-702] Processed net fused_mult_add/out[22]_i_2__4_n_0. Optimizations did not improve timing on the net.
INFO: [Physopt 32-663] Processed net fused_mult_add/out[30]_i_3__2_n_0.  Re-placed instance fused_mult_add/out[30]_i_3__2
INFO: [Physopt 32-735] Processed net fused_mult_add/out[30]_i_3__2_n_0. Optimization improves timing on the net.
INFO: [Physopt 32-619] Estimated Timing Summary | WNS=-0.222 | TNS=-6.505 |
INFO: [Physopt 32-702] Processed net addsub/s2_in1_reg[exponent][0]_repN. Optimizations did not improve timing on the net.
INFO: [Physopt 32-663] Processed net addsub/s3_alignment_sticky_bit_i_2_n_0.  Re-placed instance addsub/s3_alignment_sticky_bit_i_2
INFO: [Physopt 32-735] Processed net addsub/s3_alignment_sticky_bit_i_2_n_0. Optimization improves timing on the net.
INFO: [Physopt 32-619] Estimated Timing Summary | WNS=-0.217 | TNS=-6.443 |
INFO: [Physopt 32-710] Processed net fused_mult_add/out[22]_i_2__4_n_0. Critical path length was reduced through logic transformation on cell fused_mult_add/out[22]_i_2__4_comp.
INFO: [Physopt 32-735] Processed net fused_mult_add/out[30]_i_3__2_n_0. Optimization improves timing on the net.
INFO: [Physopt 32-619] Estimated Timing Summary | WNS=-0.215 | TNS=-3.897 |
INFO: [Physopt 32-608] Optimized 1 net.  Swapped 17 pins.
INFO: [Physopt 32-735] Processed net fused_mult_add/s2_s4_multiplier/out_reg[47]_0[13]. Optimization improves timing on the net.
INFO: [Physopt 32-619] Estimated Timing Summary | WNS=-0.214 | TNS=-3.896 |
INFO: [Physopt 32-608] Optimized 1 net.  Swapped 10 pins.
INFO: [Physopt 32-735] Processed net fused_mult_add/s2_s4_multiplier/out_reg[47]_0[18]. Optimization improves timing on the net.
INFO: [Physopt 32-619] Estimated Timing Summary | WNS=-0.209 | TNS=-3.885 |
INFO: [Physopt 32-663] Processed net addsub/s4_subtraction_result[11].  Re-placed instance addsub/s4_subtraction_result_reg[11]
INFO: [Physopt 32-735] Processed net addsub/s4_subtraction_result[11]. Optimization improves timing on the net.
INFO: [Physopt 32-619] Estimated Timing Summary | WNS=-0.203 | TNS=-3.789 |
INFO: [Physopt 32-608] Optimized 1 net.  Swapped 22 pins.
INFO: [Physopt 32-735] Processed net fused_mult_add/s2_s4_multiplier/out_reg[47]_0[16]. Optimization improves timing on the net.
INFO: [Physopt 32-619] Estimated Timing Summary | WNS=-0.201 | TNS=-3.773 |
INFO: [Physopt 32-81] Processed net addsub/s4_subtraction_result[11]. Replicated 1 times.
INFO: [Physopt 32-735] Processed net addsub/s4_subtraction_result[11]. Optimization improves timing on the net.
INFO: [Physopt 32-619] Estimated Timing Summary | WNS=-0.197 | TNS=-3.728 |
INFO: [Physopt 32-81] Processed net addsub/s4_subtraction_result[13]. Replicated 1 times.
INFO: [Physopt 32-735] Processed net addsub/s4_subtraction_result[13]. Optimization improves timing on the net.
INFO: [Physopt 32-619] Estimated Timing Summary | WNS=-0.195 | TNS=-3.707 |
INFO: [Physopt 32-710] Processed net addsub/s4_normalized_mantissa__0[20]. Critical path length was reduced through logic transformation on cell addsub/out[22]_i_7_comp_1.
INFO: [Physopt 32-735] Processed net addsub/out[22]_i_12_n_0_repN. Optimization improves timing on the net.
INFO: [Physopt 32-619] Estimated Timing Summary | WNS=-0.192 | TNS=-3.677 |
INFO: [Physopt 32-663] Processed net addsub/s4_subtraction_result[9].  Re-placed instance addsub/s4_subtraction_result_reg[9]
INFO: [Physopt 32-735] Processed net addsub/s4_subtraction_result[9]. Optimization improves timing on the net.
INFO: [Physopt 32-619] Estimated Timing Summary | WNS=-0.189 | TNS=-3.647 |
INFO: [Physopt 32-608] Optimized 1 net.  Swapped 18 pins.
INFO: [Physopt 32-735] Processed net addsub/s4_normalized_mantissa__0[22]. Optimization improves timing on the net.
INFO: [Physopt 32-619] Estimated Timing Summary | WNS=-0.187 | TNS=-3.620 |
INFO: [Physopt 32-608] Optimized 1 net.  Swapped 22 pins.
INFO: [Physopt 32-735] Processed net fused_mult_add/s2_s4_multiplier/s5_alignment_sticky_bit_i_8_n_0. Optimization improves timing on the net.
INFO: [Physopt 32-619] Estimated Timing Summary | WNS=-0.186 | TNS=-3.595 |
INFO: [Physopt 32-710] Processed net addsub/s4_normalized_mantissa__0[17]. Critical path length was reduced through logic transformation on cell addsub/out[19]_i_5_comp_1.
INFO: [Physopt 32-735] Processed net addsub/out[19]_i_11_n_0. Optimization improves timing on the net.
INFO: [Physopt 32-619] Estimated Timing Summary | WNS=-0.183 | TNS=-3.570 |
INFO: [Physopt 32-702] Processed net addsub/out[19]_i_11_n_0_repN. Optimizations did not improve timing on the net.
INFO: [Physopt 32-702] Processed net addsub/out[19]_i_15_n_0. Optimizations did not improve timing on the net.
INFO: [Physopt 32-571] Net addsub/out[22]_i_24_n_0 was not replicated.
INFO: [Physopt 32-702] Processed net addsub/out[22]_i_24_n_0. Optimizations did not improve timing on the net.
INFO: [Physopt 32-710] Processed net addsub/out[22]_i_24_n_0. Critical path length was reduced through logic transformation on cell addsub/out[22]_i_24_comp.
INFO: [Physopt 32-735] Processed net addsub/out[11]_i_16_n_0. Optimization improves timing on the net.
INFO: [Physopt 32-619] Estimated Timing Summary | WNS=-0.182 | TNS=-3.562 |
INFO: [Physopt 32-663] Processed net addsub/s4_subtraction_result[7].  Re-placed instance addsub/s4_subtraction_result_reg[7]
INFO: [Physopt 32-735] Processed net addsub/s4_subtraction_result[7]. Optimization improves timing on the net.
INFO: [Physopt 32-619] Estimated Timing Summary | WNS=-0.182 | TNS=-3.562 |
INFO: [Physopt 32-702] Processed net addsub/s4_subtraction_result[11]_repN. Optimizations did not improve timing on the net.
INFO: [Physopt 32-702] Processed net addsub/s4_normalized_mantissa__0[1]. Optimizations did not improve timing on the net.
INFO: [Physopt 32-710] Processed net addsub/s4_normalized_mantissa__0[1]. Critical path length was reduced through logic transformation on cell addsub/out[3]_i_6_comp.
INFO: [Physopt 32-735] Processed net addsub/out[3]_i_12_n_0. Optimization improves timing on the net.
INFO: [Physopt 32-619] Estimated Timing Summary | WNS=-0.174 | TNS=-3.330 |
INFO: [Physopt 32-702] Processed net addsub/out[15]_i_7_n_0. Optimizations did not improve timing on the net.
INFO: [Physopt 32-702] Processed net addsub/out[15]_i_15_n_0. Optimizations did not improve timing on the net.
INFO: [Physopt 32-710] Processed net addsub/out[15]_i_15_n_0. Critical path length was reduced through logic transformation on cell addsub/out[15]_i_15_comp.
INFO: [Physopt 32-735] Processed net addsub/out[15]_i_19_n_0. Optimization improves timing on the net.
INFO: [Physopt 32-619] Estimated Timing Summary | WNS=-0.173 | TNS=-3.322 |
INFO: [Physopt 32-608] Optimized 1 net.  Swapped 24 pins.
INFO: [Physopt 32-735] Processed net addsub/s4_normalized_mantissa__0[14]. Optimization improves timing on the net.
INFO: [Physopt 32-619] Estimated Timing Summary | WNS=-0.171 | TNS=-3.306 |
INFO: [Physopt 32-702] Processed net addsub/out[19]_i_9_n_0_repN. Optimizations did not improve timing on the net.
INFO: [Physopt 32-702] Processed net addsub/out[19]_i_16_n_0. Optimizations did not improve timing on the net.
INFO: [Physopt 32-710] Processed net addsub/out[19]_i_16_n_0. Critical path length was reduced through logic transformation on cell addsub/out[19]_i_16_comp.
INFO: [Physopt 32-735] Processed net addsub/out[19]_i_19_n_0. Optimization improves timing on the net.
INFO: [Physopt 32-619] Estimated Timing Summary | WNS=-0.170 | TNS=-3.298 |
INFO: [Physopt 32-710] Processed net addsub/s4_normalized_mantissa[0]. Critical path length was reduced through logic transformation on cell addsub/out[3]_i_3_comp_3.
INFO: [Physopt 32-735] Processed net addsub/out[26]_i_6_n_0. Optimization improves timing on the net.
INFO: [Physopt 32-619] Estimated Timing Summary | WNS=-0.162 | TNS=-2.996 |
INFO: [Physopt 32-702] Processed net addsub/out[22]_i_26_n_0. Optimizations did not improve timing on the net.
INFO: [Physopt 32-134] Processed net addsub/s4_sub_shift_amount[3]. Rewiring did not optimize the net.
INFO: [Physopt 32-702] Processed net addsub/s4_sub_shift_amount[3]. Optimizations did not improve timing on the net.
INFO: [Physopt 32-608] Optimized 1 net.  Swapped 20 pins.
INFO: [Physopt 32-735] Processed net addsub/out[30]_i_12_n_0. Optimization improves timing on the net.
INFO: [Physopt 32-619] Estimated Timing Summary | WNS=-0.162 | TNS=-2.972 |
INFO: [Physopt 32-663] Processed net fused_mult_add/s2_s4_multiplier/out_reg[47]_0[22].  Re-placed instance fused_mult_add/s2_s4_multiplier/s5_aligned_smaller_mantissa[22]_i_1
INFO: [Physopt 32-735] Processed net fused_mult_add/s2_s4_multiplier/out_reg[47]_0[22]. Optimization improves timing on the net.
INFO: [Physopt 32-619] Estimated Timing Summary | WNS=-0.160 | TNS=-2.947 |
INFO: [Physopt 32-608] Optimized 1 net.  Swapped 6 pins.
INFO: [Physopt 32-735] Processed net addsub/s3_alignment_sticky_bit_i_2_n_0. Optimization improves timing on the net.
INFO: [Physopt 32-619] Estimated Timing Summary | WNS=-0.159 | TNS=-2.787 |
INFO: [Physopt 32-608] Optimized 1 net.  Swapped 13 pins.
INFO: [Physopt 32-735] Processed net addsub/out[3]_i_14_n_0. Optimization improves timing on the net.
INFO: [Physopt 32-619] Estimated Timing Summary | WNS=-0.153 | TNS=-2.739 |
INFO: [Physopt 32-702] Processed net addsub/out[26]_i_6_n_0. Optimizations did not improve timing on the net.
INFO: [Physopt 32-134] Processed net addsub/s4_sub_shift_amount[0]. Rewiring did not optimize the net.
INFO: [Physopt 32-702] Processed net addsub/s4_sub_shift_amount[0]. Optimizations did not improve timing on the net.
INFO: [Physopt 32-608] Optimized 1 net.  Swapped 19 pins.
INFO: [Physopt 32-735] Processed net addsub/out[26]_i_20_n_0. Optimization improves timing on the net.
INFO: [Physopt 32-619] Estimated Timing Summary | WNS=-0.137 | TNS=-2.066 |
INFO: [Physopt 32-81] Processed net fused_mult_add/s2_s4_multiplier/out_reg[47]_0[23]. Replicated 1 times.
INFO: [Physopt 32-735] Processed net fused_mult_add/s2_s4_multiplier/out_reg[47]_0[23]. Optimization improves timing on the net.
INFO: [Physopt 32-619] Estimated Timing Summary | WNS=-0.129 | TNS=-2.058 |
INFO: [Physopt 32-608] Optimized 1 net.  Swapped 18 pins.
INFO: [Physopt 32-735] Processed net fused_mult_add/s2_s4_multiplier/out_reg[47]_0[23]_repN. Optimization improves timing on the net.
INFO: [Physopt 32-619] Estimated Timing Summary | WNS=-0.128 | TNS=-2.044 |
INFO: [Physopt 32-702] Processed net addsub/out_reg[31]_0[11]. Optimizations did not improve timing on the net.
INFO: [Physopt 32-663] Processed net addsub/s4_subtraction_result[18].  Re-placed instance addsub/s4_subtraction_result_reg[18]
INFO: [Physopt 32-735] Processed net addsub/s4_subtraction_result[18]. Optimization improves timing on the net.
INFO: [Physopt 32-619] Estimated Timing Summary | WNS=-0.115 | TNS=-0.464 |
INFO: [Physopt 32-702] Processed net fused_mult_add/s2_s4_multiplier/out_reg[47]_0[24]_repN_1. Optimizations did not improve timing on the net.
INFO: [Physopt 32-710] Processed net fused_mult_add/s2_s4_multiplier/out_reg[47]_0[24]_repN_1. Critical path length was reduced through logic transformation on cell fused_mult_add/s2_s4_multiplier/s5_aligned_smaller_mantissa[24]_i_1_comp_2.
INFO: [Physopt 32-735] Processed net fused_mult_add/s2_s4_multiplier/s5_aligned_smaller_mantissa[25]_i_3_n_0. Optimization improves timing on the net.
INFO: [Physopt 32-619] Estimated Timing Summary | WNS=-0.114 | TNS=-0.432 |
INFO: [Common 17-14] Message 'Physopt 32-619' appears 100 times and further instances of the messages will be disabled. Use the Tcl command set_msg_config to change the current settings.
INFO: [Physopt 32-702] Processed net fused_mult_add/Q[31]. Optimizations did not improve timing on the net.
INFO: [Physopt 32-663] Processed net fused_mult_add/s6_exact_zero_reg_0.  Re-placed instance fused_mult_add/out[31]_i_2__4
INFO: [Physopt 32-735] Processed net fused_mult_add/s6_exact_zero_reg_0. Optimization improves timing on the net.
INFO: [Physopt 32-710] Processed net sqrt/s17_inverse_square_root/genblk1[3].rounding_modes_reg[4][2]_0[0]. Critical path length was reduced through logic transformation on cell sqrt/s17_inverse_square_root/out[31]_i_1__0_comp.
INFO: [Physopt 32-735] Processed net fused_mult_add/s6_exact_zero_reg_0. Optimization improves timing on the net.
INFO: [Physopt 32-702] Processed net fused_mult_add/s2_s4_multiplier/out_reg[47]_0[24]_repN. Optimizations did not improve timing on the net.
INFO: [Physopt 32-710] Processed net fused_mult_add/s2_s4_multiplier/out_reg[47]_0[24]_repN. Critical path length was reduced through logic transformation on cell fused_mult_add/s2_s4_multiplier/s5_aligned_smaller_mantissa[24]_i_1_comp_3.
INFO: [Physopt 32-735] Processed net fused_mult_add/s2_s4_multiplier/s5_aligned_smaller_mantissa[26]_i_2_n_0. Optimization improves timing on the net.
INFO: [Common 17-14] Message 'Physopt 32-735' appears 100 times and further instances of the messages will be disabled. Use the Tcl command set_msg_config to change the current settings.
INFO: [Physopt 32-608] Optimized 1 net.  Swapped 18 pins.
INFO: [Physopt 32-663] Processed net fused_mult_add/s2_s4_multiplier/out_reg[47]_0[21].  Re-placed instance fused_mult_add/s2_s4_multiplier/s5_aligned_smaller_mantissa[21]_i_1
INFO: [Physopt 32-663] Processed net fused_mult_add/s2_s4_multiplier/out_reg[47]_0[22].  Re-placed instance fused_mult_add/s2_s4_multiplier/s5_aligned_smaller_mantissa[22]_i_1
INFO: [Physopt 32-702] Processed net fused_mult_add/s2_s4_multiplier/out_reg[47]_0[18]. Optimizations did not improve timing on the net.
INFO: [Physopt 32-710] Processed net fused_mult_add/s2_s4_multiplier/out_reg[47]_0[18]. Critical path length was reduced through logic transformation on cell fused_mult_add/s2_s4_multiplier/s5_aligned_smaller_mantissa[18]_i_1_comp.
INFO: [Physopt 32-134] Processed net fused_mult_add/s2_s4_multiplier/s5_aligned_smaller_mantissa[24]_i_2_n_0. Rewiring did not optimize the net.
INFO: [Physopt 32-702] Processed net fused_mult_add/s2_s4_multiplier/s5_aligned_smaller_mantissa[24]_i_2_n_0. Optimizations did not improve timing on the net.
INFO: [Physopt 32-702] Processed net fused_mult_add/s2_s4_multiplier/s4_shift_amount[3]. Optimizations did not improve timing on the net.
INFO: [Physopt 32-702] Processed net fused_mult_add/s2_s4_multiplier/s5_aligned_smaller_mantissa[25]_i_7_n_0. Optimizations did not improve timing on the net.
INFO: [Physopt 32-663] Processed net fused_mult_add/s2_s4_multiplier/s4_mult_out_is_larger.  Re-placed instance fused_mult_add/s2_s4_multiplier/s5_larger_number_exponent[2]_i_2
INFO: [Physopt 32-710] Processed net addsub/s4_normalized_mantissa[0]. Critical path length was reduced through logic transformation on cell addsub/out[3]_i_3_comp_4.
INFO: [Physopt 32-608] Optimized 1 net.  Swapped 22 pins.
INFO: [Physopt 32-663] Processed net addsub/s4_subtraction_result[16].  Re-placed instance addsub/s4_subtraction_result_reg[16]
INFO: [Physopt 32-663] Processed net fused_mult_add/s2_s4_multiplier/s4_multiplier_out[28].  Re-placed instance fused_mult_add/s2_s4_multiplier/out_reg[28]
INFO: [Physopt 32-663] Processed net fused_mult_add/s4_in3_mantissa_extended[18].  Re-placed instance fused_mult_add/s4_in3_reg[mantissa][15]
Netlist sorting complete. Time (s): cpu = 00:00:00 ; elapsed = 00:00:00.029 . Memory (MB): peak = 1946.992 ; gain = 0.000
Phase 3 Critical Path Optimization | Checksum: c0b97446

Time (s): cpu = 00:00:14 ; elapsed = 00:00:09 . Memory (MB): peak = 1946.992 ; gain = 0.000

Phase 4 Critical Path Optimization
Netlist sorting complete. Time (s): cpu = 00:00:00 ; elapsed = 00:00:00.003 . Memory (MB): peak = 1946.992 ; gain = 0.000
Phase 4 Critical Path Optimization | Checksum: c0b97446

Time (s): cpu = 00:00:14 ; elapsed = 00:00:09 . Memory (MB): peak = 1946.992 ; gain = 0.000
Netlist sorting complete. Time (s): cpu = 00:00:00 ; elapsed = 00:00:00.003 . Memory (MB): peak = 1946.992 ; gain = 0.000
INFO: [Physopt 32-603] Post Physical Optimization Timing Summary | WNS=0.003 | TNS=0.000 |

Summary of Physical Synthesis Optimizations
============================================


-------------------------------------------------------------------------------------------------------------------------------------------------------------
|  Optimization   |  WNS Gain (ns)  |  TNS Gain (ns)  |  Added Cells  |  Removed Cells  |  Optimized Cells/Nets  |  Dont Touch  |  Iterations  |  Elapsed   |
-------------------------------------------------------------------------------------------------------------------------------------------------------------
|  DSP Register   |          0.000  |          0.000  |            0  |              0  |                     0  |           0  |           1  |  00:00:00  |
|  Critical Path  |          0.784  |         51.546  |           13  |              0  |                   110  |           0  |           2  |  00:00:09  |
|  Total          |          0.784  |         51.546  |           13  |              0  |                   110  |           0  |           3  |  00:00:09  |
-------------------------------------------------------------------------------------------------------------------------------------------------------------


Netlist sorting complete. Time (s): cpu = 00:00:00 ; elapsed = 00:00:00.003 . Memory (MB): peak = 1946.992 ; gain = 0.000
Ending Physical Synthesis Task | Checksum: 27b8797a9

Time (s): cpu = 00:00:14 ; elapsed = 00:00:09 . Memory (MB): peak = 1946.992 ; gain = 0.000
INFO: [Common 17-83] Releasing license: Implementation
474 Infos, 0 Warnings, 0 Critical Warnings and 0 Errors encountered.
phys_opt_design completed successfully
phys_opt_design: Time (s): cpu = 00:00:15 ; elapsed = 00:00:10 . Memory (MB): peak = 1946.992 ; gain = 0.000
INFO: [Timing 38-480] Writing timing data to binary archive.
Write ShapeDB Complete: Time (s): cpu = 00:00:01 ; elapsed = 00:00:00.013 . Memory (MB): peak = 1946.992 ; gain = 0.000
Wrote PlaceDB: Time (s): cpu = 00:00:01 ; elapsed = 00:00:00.398 . Memory (MB): peak = 1946.992 ; gain = 0.000
Wrote PulsedLatchDB: Time (s): cpu = 00:00:00 ; elapsed = 00:00:00 . Memory (MB): peak = 1946.992 ; gain = 0.000
Writing XDEF routing.
Writing XDEF routing logical nets.
Writing XDEF routing special nets.
Wrote RouteStorage: Time (s): cpu = 00:00:00 ; elapsed = 00:00:00.021 . Memory (MB): peak = 1946.992 ; gain = 0.000
Wrote Netlist Cache: Time (s): cpu = 00:00:00 ; elapsed = 00:00:00.009 . Memory (MB): peak = 1946.992 ; gain = 0.000
Wrote Device Cache: Time (s): cpu = 00:00:00 ; elapsed = 00:00:00.005 . Memory (MB): peak = 1946.992 ; gain = 0.000
Write Physdb Complete: Time (s): cpu = 00:00:01 ; elapsed = 00:00:00.438 . Memory (MB): peak = 1946.992 ; gain = 0.000
INFO: [Common 17-1381] The checkpoint 'C:/Users/klein/Documents/projects/Floating-Point-ALU/vivado/FPU.runs/impl_1/floating_point_alu_physopt.dcp' has been generated.
Command: route_design
Attempting to get a license for feature 'Implementation' and/or device 'xc7z020'
INFO: [Common 17-349] Got license for feature 'Implementation' and/or device 'xc7z020'
INFO: [DRC 23-27] Running DRC with 2 threads
INFO: [Vivado_Tcl 4-198] DRC finished with 0 Errors
INFO: [Vivado_Tcl 4-199] Please refer to the DRC report (report_drc) for more information.


Starting Routing Task
INFO: [Route 35-254] Multithreading enabled for route_design using a maximum of 2 CPUs

Phase 1 Build RT Design
Checksum: PlaceDB: c89a79a4 ConstDB: 0 ShapeSum: b6b7673a RouteDB: 15f972f0
Post Restoration Checksum: NetGraph: 93569fee | NumContArr: 43af1b2f | Constraints: c2a8fa9d | Timing: c2a8fa9d
Phase 1 Build RT Design | Checksum: 25c57b057

Time (s): cpu = 00:00:23 ; elapsed = 00:00:20 . Memory (MB): peak = 2049.613 ; gain = 96.352

Phase 2 Router Initialization

Phase 2.1 Fix Topology Constraints
Phase 2.1 Fix Topology Constraints | Checksum: 25c57b057

Time (s): cpu = 00:00:23 ; elapsed = 00:00:20 . Memory (MB): peak = 2049.613 ; gain = 96.352

Phase 2.2 Pre Route Cleanup
Phase 2.2 Pre Route Cleanup | Checksum: 25c57b057

Time (s): cpu = 00:00:23 ; elapsed = 00:00:20 . Memory (MB): peak = 2049.613 ; gain = 96.352
 Number of Nodes with overlaps = 0

Phase 2.3 Update Timing
Phase 2.3 Update Timing | Checksum: 2e4b73b10

Time (s): cpu = 00:00:25 ; elapsed = 00:00:21 . Memory (MB): peak = 2097.840 ; gain = 144.578
INFO: [Route 35-416] Intermediate Timing Summary | WNS=0.128  | TNS=0.000  | WHS=-0.189 | THS=-21.093|


Phase 2.4 Soft Constraint Pins - Fast Budgeting
Phase 2.4 Soft Constraint Pins - Fast Budgeting | Checksum: 314ad7c62

Time (s): cpu = 00:00:26 ; elapsed = 00:00:22 . Memory (MB): peak = 2156.645 ; gain = 203.383

Router Utilization Summary
  Global Vertical Routing Utilization    = 0 %
  Global Horizontal Routing Utilization  = 0 %
  Routable Net Status*
  *Does not include unroutable nets such as driverless and loadless.
  Run report_route_status for detailed report.
  Number of Failed Nets               = 8900
    (Failed Nets is the sum of unrouted and partially routed nets)
  Number of Unrouted Nets             = 8900
  Number of Partially Routed Nets     = 0
  Number of Node Overlaps             = 0

Phase 2 Router Initialization | Checksum: 32abcedff

Time (s): cpu = 00:00:26 ; elapsed = 00:00:22 . Memory (MB): peak = 2156.645 ; gain = 203.383

Phase 3 Global Routing
Phase 3 Global Routing | Checksum: 32abcedff

Time (s): cpu = 00:00:27 ; elapsed = 00:00:22 . Memory (MB): peak = 2156.645 ; gain = 203.383

Phase 4 Initial Routing

Phase 4.1 Initial Net Routing Pass
Phase 4.1 Initial Net Routing Pass | Checksum: 1c92a1210

Time (s): cpu = 00:00:28 ; elapsed = 00:00:23 . Memory (MB): peak = 2156.645 ; gain = 203.383
Phase 4 Initial Routing | Checksum: 1c92a1210

Time (s): cpu = 00:00:28 ; elapsed = 00:00:23 . Memory (MB): peak = 2156.645 ; gain = 203.383
INFO: [Route 35-580] Design has 11 pins with tight setup and hold constraints.

The top 5 pins with tight setup and hold constraints:

+====================+===================+==============================+
| Launch Setup Clock | Launch Hold Clock | Pin                          |
+====================+===================+==============================+
| sys_clk            | sys_clk           | addsub/out_reg[30]/D         |
| sys_clk            | sys_clk           | fused_mult_add/out_reg[27]/D |
| sys_clk            | sys_clk           | addsub/out_reg[17]/D         |
| sys_clk            | sys_clk           | addsub/out_reg[0]/D          |
| sys_clk            | sys_clk           | addsub/out_reg[28]/D         |
+--------------------+-------------------+------------------------------+

File with complete list of pins: tight_setup_hold_pins.txt


Phase 5 Rip-up And Reroute

Phase 5.1 Global Iteration 0
 Number of Nodes with overlaps = 2152
 Number of Nodes with overlaps = 969
 Number of Nodes with overlaps = 620
 Number of Nodes with overlaps = 241
 Number of Nodes with overlaps = 159
 Number of Nodes with overlaps = 63
 Number of Nodes with overlaps = 27
 Number of Nodes with overlaps = 29
 Number of Nodes with overlaps = 17
 Number of Nodes with overlaps = 7
 Number of Nodes with overlaps = 3
 Number of Nodes with overlaps = 1
 Number of Nodes with overlaps = 0
INFO: [Route 35-416] Intermediate Timing Summary | WNS=-1.079 | TNS=-85.585| WHS=N/A    | THS=N/A    |

Phase 5.1 Global Iteration 0 | Checksum: 10c81d062

Time (s): cpu = 00:00:41 ; elapsed = 00:00:31 . Memory (MB): peak = 2167.055 ; gain = 213.793

Phase 5.2 Global Iteration 1
 Number of Nodes with overlaps = 413
 Number of Nodes with overlaps = 235
 Number of Nodes with overlaps = 117
 Number of Nodes with overlaps = 38
 Number of Nodes with overlaps = 36
 Number of Nodes with overlaps = 9
 Number of Nodes with overlaps = 5
 Number of Nodes with overlaps = 3
 Number of Nodes with overlaps = 1
 Number of Nodes with overlaps = 0
INFO: [Route 35-416] Intermediate Timing Summary | WNS=-1.186 | TNS=-75.990| WHS=N/A    | THS=N/A    |

Phase 5.2 Global Iteration 1 | Checksum: 20442a9c2

Time (s): cpu = 00:00:44 ; elapsed = 00:00:34 . Memory (MB): peak = 2167.055 ; gain = 213.793
Phase 5 Rip-up And Reroute | Checksum: 20442a9c2

Time (s): cpu = 00:00:44 ; elapsed = 00:00:34 . Memory (MB): peak = 2167.055 ; gain = 213.793

Phase 6 Delay and Skew Optimization

Phase 6.1 Delay CleanUp

Phase 6.1.1 Update Timing
Phase 6.1.1 Update Timing | Checksum: 1b2656eab

Time (s): cpu = 00:00:45 ; elapsed = 00:00:34 . Memory (MB): peak = 2167.055 ; gain = 213.793
INFO: [Route 35-416] Intermediate Timing Summary | WNS=-0.964 | TNS=-75.825| WHS=N/A    | THS=N/A    |

 Number of Nodes with overlaps = 0
Phase 6.1 Delay CleanUp | Checksum: 2900b2f48

Time (s): cpu = 00:00:45 ; elapsed = 00:00:34 . Memory (MB): peak = 2167.055 ; gain = 213.793

Phase 6.2 Clock Skew Optimization
Phase 6.2 Clock Skew Optimization | Checksum: 2900b2f48

Time (s): cpu = 00:00:45 ; elapsed = 00:00:34 . Memory (MB): peak = 2167.055 ; gain = 213.793
Phase 6 Delay and Skew Optimization | Checksum: 2900b2f48

Time (s): cpu = 00:00:45 ; elapsed = 00:00:34 . Memory (MB): peak = 2167.055 ; gain = 213.793

Phase 7 Post Hold Fix

Phase 7.1 Hold Fix Iter
INFO: [Route 35-416] Intermediate Timing Summary | WNS=-0.950 | TNS=-72.975| WHS=0.061  | THS=0.000  |

Phase 7.1 Hold Fix Iter | Checksum: 205d15c03

Time (s): cpu = 00:00:45 ; elapsed = 00:00:34 . Memory (MB): peak = 2167.055 ; gain = 213.793
Phase 7 Post Hold Fix | Checksum: 205d15c03

Time (s): cpu = 00:00:45 ; elapsed = 00:00:34 . Memory (MB): peak = 2167.055 ; gain = 213.793

Phase 8 Route finalize

Router Utilization Summary
  Global Vertical Routing Utilization    = 1.79497 %
  Global Horizontal Routing Utilization  = 2.41422 %
  Routable Net Status*
  *Does not include unroutable nets such as driverless and loadless.
  Run report_route_status for detailed report.
  Number of Failed Nets               = 0
    (Failed Nets is the sum of unrouted and partially routed nets)
  Number of Unrouted Nets             = 0
  Number of Partially Routed Nets     = 0
  Number of Node Overlaps             = 0


--GLOBAL Congestion:
Utilization threshold used for congestion level computation: 0.85
Congestion Report
North Dir 1x1 Area, Max Cong = 42.3423%, No Congested Regions.
South Dir 1x1 Area, Max Cong = 52.2523%, No Congested Regions.
East Dir 1x1 Area, Max Cong = 48.5294%, No Congested Regions.
West Dir 1x1 Area, Max Cong = 66.1765%, No Congested Regions.

------------------------------
Reporting congestion hotspots
------------------------------
Direction: North
----------------
Congested clusters found at Level 0
Effective congestion level: 0 Aspect Ratio: 1 Sparse Ratio: 0
Direction: South
----------------
Congested clusters found at Level 0
Effective congestion level: 0 Aspect Ratio: 1 Sparse Ratio: 0
Direction: East
----------------
Congested clusters found at Level 0
Effective congestion level: 0 Aspect Ratio: 1 Sparse Ratio: 0
Direction: West
----------------
Congested clusters found at Level 0
Effective congestion level: 0 Aspect Ratio: 1 Sparse Ratio: 0

Phase 8 Route finalize | Checksum: 205d15c03

Time (s): cpu = 00:00:45 ; elapsed = 00:00:34 . Memory (MB): peak = 2167.055 ; gain = 213.793

Phase 9 Verifying routed nets

 Verification completed successfully
Phase 9 Verifying routed nets | Checksum: 205d15c03

Time (s): cpu = 00:00:45 ; elapsed = 00:00:34 . Memory (MB): peak = 2167.055 ; gain = 213.793

Phase 10 Depositing Routes
Phase 10 Depositing Routes | Checksum: 1f9c17812

Time (s): cpu = 00:00:46 ; elapsed = 00:00:35 . Memory (MB): peak = 2167.055 ; gain = 213.793

Phase 11 Post Process Routing
Phase 11 Post Process Routing | Checksum: 1f9c17812

Time (s): cpu = 00:00:46 ; elapsed = 00:00:35 . Memory (MB): peak = 2167.055 ; gain = 213.793

Phase 12 Post Router Timing
INFO: [Route 35-57] Estimated Timing Summary | WNS=-0.950 | TNS=-72.975| WHS=0.061  | THS=0.000  |

WARNING: [Route 35-328] Router estimated timing not met.
Resolution: For a complete and accurate timing signoff, report_timing_summary must be run after route_design. Alternatively, route_design can be run with the -timing_summary option to enable a complete timing signoff at the end of route_design.
Phase 12 Post Router Timing | Checksum: 1f9c17812

Time (s): cpu = 00:00:46 ; elapsed = 00:00:35 . Memory (MB): peak = 2167.055 ; gain = 213.793
Total Elapsed time in route_design: 34.709 secs

Phase 13 Post-Route Event Processing
Phase 13 Post-Route Event Processing | Checksum: 14da64059

Time (s): cpu = 00:00:46 ; elapsed = 00:00:35 . Memory (MB): peak = 2167.055 ; gain = 213.793
INFO: [Route 35-16] Router Completed Successfully
Ending Routing Task | Checksum: 14da64059

Time (s): cpu = 00:00:46 ; elapsed = 00:00:35 . Memory (MB): peak = 2167.055 ; gain = 213.793

Routing Is Done.
INFO: [Common 17-83] Releasing license: Implementation
490 Infos, 1 Warnings, 0 Critical Warnings and 0 Errors encountered.
route_design completed successfully
route_design: Time (s): cpu = 00:00:47 ; elapsed = 00:00:35 . Memory (MB): peak = 2167.055 ; gain = 220.062
INFO: [Vivado 12-24828] Executing command : report_drc -file floating_point_alu_drc_routed.rpt -pb floating_point_alu_drc_routed.pb -rpx floating_point_alu_drc_routed.rpx
Command: report_drc -file floating_point_alu_drc_routed.rpt -pb floating_point_alu_drc_routed.pb -rpx floating_point_alu_drc_routed.rpx
INFO: [IP_Flow 19-1839] IP Catalog is up to date.
INFO: [DRC 23-27] Running DRC with 2 threads
INFO: [Vivado_Tcl 2-168] The results of DRC are in file C:/Users/klein/Documents/projects/Floating-Point-ALU/vivado/FPU.runs/impl_1/floating_point_alu_drc_routed.rpt.
report_drc completed successfully
INFO: [Vivado 12-24828] Executing command : report_methodology -file floating_point_alu_methodology_drc_routed.rpt -pb floating_point_alu_methodology_drc_routed.pb -rpx floating_point_alu_methodology_drc_routed.rpx
Command: report_methodology -file floating_point_alu_methodology_drc_routed.rpt -pb floating_point_alu_methodology_drc_routed.pb -rpx floating_point_alu_methodology_drc_routed.rpx
INFO: [Timing 38-35] Done setting XDC timing constraints.
INFO: [DRC 23-133] Running Methodology with 2 threads
INFO: [Vivado_Tcl 2-1520] The results of Report Methodology are in file C:/Users/klein/Documents/projects/Floating-Point-ALU/vivado/FPU.runs/impl_1/floating_point_alu_methodology_drc_routed.rpt.
report_methodology completed successfully
INFO: [Vivado 12-24828] Executing command : report_timing_summary -max_paths 10 -routable_nets -report_unconstrained -file floating_point_alu_timing_summary_routed.rpt -pb floating_point_alu_timing_summary_routed.pb -rpx floating_point_alu_timing_summary_routed.rpx -warn_on_violation 
INFO: [Timing 38-35] Done setting XDC timing constraints.
INFO: [Timing 38-91] UpdateTimingParams: Speed grade: -1, Delay Type: min_max.
INFO: [Timing 38-191] Multithreading enabled for timing update using a maximum of 2 CPUs
CRITICAL WARNING: [Timing 38-282] The design failed to meet the timing requirements. Please see the timing summary report for details on the timing violations.
INFO: [Vivado 12-24838] Running report commands "report_incremental_reuse, report_route_status" in parallel.
Running report generation with 2 threads.
INFO: [Vivado 12-24828] Executing command : report_incremental_reuse -file floating_point_alu_incremental_reuse_routed.rpt
INFO: [Vivado_Tcl 4-1062] Incremental flow is disabled. No incremental reuse Info to report.
INFO: [Vivado 12-24828] Executing command : report_route_status -file floating_point_alu_route_status.rpt -pb floating_point_alu_route_status.pb
INFO: [Vivado 12-24828] Executing command : report_power -file floating_point_alu_power_routed.rpt -pb floating_point_alu_power_summary_routed.pb -rpx floating_point_alu_power_routed.rpx
Command: report_power -file floating_point_alu_power_routed.rpt -pb floating_point_alu_power_summary_routed.pb -rpx floating_point_alu_power_routed.rpx
Running Vector-less Activity Propagation...

Finished Running Vector-less Activity Propagation
507 Infos, 1 Warnings, 1 Critical Warnings and 0 Errors encountered.
report_power completed successfully
INFO: [Vivado 12-24828] Executing command : report_clock_utilization -file floating_point_alu_clock_utilization_routed.rpt
INFO: [Vivado 12-24828] Executing command : report_bus_skew -warn_on_violation -file floating_point_alu_bus_skew_routed.rpt -pb floating_point_alu_bus_skew_routed.pb -rpx floating_point_alu_bus_skew_routed.rpx
INFO: [Timing 38-91] UpdateTimingParams: Speed grade: -1, Delay Type: min_max.
INFO: [Timing 38-191] Multithreading enabled for timing update using a maximum of 2 CPUs
generate_parallel_reports: Time (s): cpu = 00:00:18 ; elapsed = 00:00:10 . Memory (MB): peak = 2186.117 ; gain = 19.062
INFO: [Timing 38-480] Writing timing data to binary archive.
Write ShapeDB Complete: Time (s): cpu = 00:00:00 ; elapsed = 00:00:00.014 . Memory (MB): peak = 2195.391 ; gain = 0.000
Wrote PlaceDB: Time (s): cpu = 00:00:01 ; elapsed = 00:00:00.364 . Memory (MB): peak = 2199.348 ; gain = 3.957
Wrote PulsedLatchDB: Time (s): cpu = 00:00:00 ; elapsed = 00:00:00 . Memory (MB): peak = 2199.348 ; gain = 0.000
Writing XDEF routing.
Writing XDEF routing logical nets.
Writing XDEF routing special nets.
Wrote RouteStorage: Time (s): cpu = 00:00:00 ; elapsed = 00:00:00.079 . Memory (MB): peak = 2199.348 ; gain = 0.000
Wrote Netlist Cache: Time (s): cpu = 00:00:00 ; elapsed = 00:00:00.009 . Memory (MB): peak = 2199.348 ; gain = 0.000
Wrote Device Cache: Time (s): cpu = 00:00:00 ; elapsed = 00:00:00.007 . Memory (MB): peak = 2199.348 ; gain = 0.000
Write Physdb Complete: Time (s): cpu = 00:00:01 ; elapsed = 00:00:00.465 . Memory (MB): peak = 2199.348 ; gain = 3.957
INFO: [Common 17-1381] The checkpoint 'C:/Users/klein/Documents/projects/Floating-Point-ALU/vivado/FPU.runs/impl_1/floating_point_alu_routed.dcp' has been generated.
INFO: [Common 17-206] Exiting Vivado at Thu Nov 20 17:13:11 2025...
