#-----------------------------------------------------------
# Vivado v2025.1 (64-bit)
# SW Build 6140274 on Thu May 22 00:12:29 MDT 2025
# IP Build 6138677 on Thu May 22 03:10:11 MDT 2025
# SharedData Build 6139179 on Tue May 20 17:58:58 MDT 2025
# Start of session at: Mon Nov 24 02:47:42 2025
# Process ID         : 39080
# Current directory  : C:/Users/klein/Documents/projects/Floating-Point-ALU/vivado/FPU.runs/impl_1
# Command line       : vivado.exe -log floating_point_alu.vdi -applog -product Vivado -messageDb vivado.pb -mode batch -source floating_point_alu.tcl -notrace
# Log file           : C:/Users/klein/Documents/projects/Floating-Point-ALU/vivado/FPU.runs/impl_1/floating_point_alu.vdi
# Journal file       : C:/Users/klein/Documents/projects/Floating-Point-ALU/vivado/FPU.runs/impl_1\vivado.jou
# Running On         : dantop
# Platform           : Windows Server 2016 or Windows 10
# Operating System   : 26100
# Processor Detail   : AMD Ryzen 7 7800X3D 8-Core Processor           
# CPU Frequency      : 4192 MHz
# CPU Physical cores : 8
# CPU Logical cores  : 16
# Host memory        : 33412 MB
# Swap memory        : 16642 MB
# Total Virtual      : 50055 MB
# Available Virtual  : 15051 MB
#-----------------------------------------------------------
source floating_point_alu.tcl -notrace
